Exception loading def from file ScenPartDefs_KindDefs.xml: System.ArgumentException: Exception parsing RimWorld.ScenPartCategory from "ConfigPage" ---> System.ArgumentException: 'ConfigPage' is not a valid value for RimWorld.ScenPartCategory. Valid values are: 
• Undefined
• Fixed
• StartingImportant
• PlayerPawnFilter
• PlayerPawnModifier
• GameCondition
• Rule
• StartingItem
• WorldThing
• Misc
 ---> System.ArgumentException: Requested value 'ConfigPage' was not found.
[Ref EAB4B157]
  at System.Enum+EnumResult.SetFailure (System.Enum+ParseFailureKind failure, System.String failureMessageID, System.Object failureMessageFormatArgument) [0x00023] in <51fded79cd284d4d911c5949aff4cb21>:0 
  at System.Enum.TryParseEnum (System.Type enumType, System.String value, System.Boolean ignoreCase, System.Enum+EnumResult& parseResult) [0x0017a] in <51fded79cd284d4d911c5949aff4cb21>:0 
  at System.Enum.Parse (System.Type enumType, System.String value, System.Boolean ignoreCase) [0x00010] in <51fded79cd284d4d911c5949aff4cb21>:0 
  at System.Enum.Parse (System.Type enumType, System.String value) [0x00000] in <51fded79cd284d4d911c5949aff4cb21>:0 
  at Verse.ParseHelper.FromString (System.String str, System.Type itemType) [0x00027] in <61e4173561894da49d210260257b5097>:0 
   --- End of inner exception stack trace ---
[Ref 43602E86]
  at Verse.ParseHelper.FromString (System.String str, System.Type itemType) [0x00082] in <61e4173561894da49d210260257b5097>:0 
   --- End of inner exception stack trace ---
[Ref C0B44B26]
  at Verse.ParseHelper.FromString (System.String str, System.Type itemType) [0x00192] in <61e4173561894da49d210260257b5097>:0 
(wrapper dynamic-method) Verse.DirectXmlToObjectNew+DummyTypeToHoldDynamicMethods.ParseAndSetComplexTypeField_RimWorld_ScenPartCategory(object,System.Reflection.FieldInfo,System.Xml.XmlNode,System.Type)
(wrapper dynamic-method) Verse.DirectXmlToObjectNew+DummyTypeToHoldDynamicMethods.ParseAndReturnDef_Verse_Def(int,int,System.Xml.XmlNode,System.Type)
  at Verse.DirectXmlToObjectNew.DefFromNodeNew (System.Xml.XmlNode node, Verse.LoadableXmlAsset loadingAsset) [0x00104] in <61e4173561894da49d210260257b5097>:0 
    - POSTFIX ilyvion.loadingprogress: Void ilyvion.LoadingProgress.DirectXmlToObjectNew_LoadingDataTracker_Patches:DefFromNodeNewPostfix(Def __result)
UnityEngine.StackTraceUtility:ExtractStackTrace ()
Verse.Log:Error (string)
(wrapper dynamic-method) MonoMod.Utils.DynamicMethodDefinition:Verse.DirectXmlToObjectNew.DefFromNodeNew_Patch1 (System.Xml.XmlNode,Verse.LoadableXmlAsset)
Verse.LoadedModManager:ParseAndProcessXML (System.Xml.XmlDocument,System.Collections.Generic.Dictionary`2<System.Xml.XmlNode, Verse.LoadableXmlAsset>,bool)
Verse.LoadedModManager:LoadAllActiveMods (bool)
Verse.PlayDataLoader:DoPlayLoad ()
Verse.PlayDataLoader:LoadAllPlayData (bool)
Verse.Root/<>c:<Start>b__10_1 ()
Verse.LongEventHandler:RunEventFromAnotherThread (System.Action)
Verse.LongEventHandler/<>c:<UpdateCurrentAsynchronousEvent>b__28_0 ()
System.Threading.ThreadHelper:ThreadStart_Context (object)
System.Threading.ExecutionContext:RunInternal (System.Threading.ExecutionContext,System.Threading.ContextCallback,object,bool)
System.Threading.ExecutionContext:Run (System.Threading.ExecutionContext,System.Threading.ContextCallback,object,bool)
System.Threading.ExecutionContext:Run (System.Threading.ExecutionContext,System.Threading.ContextCallback,object)
System.Threading.ThreadHelper:ThreadStart ()
