Mono path[0] = 'D:/SteamLibrary/steamapps/common/RimWorld/RimWorldWin64_Data/Managed'
Mono config path = 'D:/SteamLibrary/steamapps/common/RimWorld/MonoBleedingEdge/etc'
[PhysX] Initialized MultithreadedTaskDispatcher with 12 workers.
Initialize engine version: 2022.3.35f1 (011206c7a712)
[Subsystems] Discovering subsystems at path D:/SteamLibrary/steamapps/common/RimWorld/RimWorldWin64_Data/UnitySubsystems
GfxDevice: creating device client; threaded=1; jobified=0
Direct3D:
    Version:  Direct3D 11.0 [level 11.1]
    Renderer: NVIDIA GeForce RTX 3050 (ID=0x2507)
    Vendor:   NVIDIA
    VRAM:     8042 MB
    Driver:   32.0.16.1088
Begin MonoManager ReloadAssembly
- Loaded All Assemblies, in  0.159 seconds
- Finished resetting the current domain, in  0.001 seconds
<RI> Initializing input.

<RI> Input initialized.

<RI> Initialized touch support.

[PhysX] Initialized MultithreadedTaskDispatcher with 12 workers.
UnloadTime: 0.749200 ms
Command line arguments: -disable-compute-shaders
RimWorld 1.6.4871 rev591
--- Main thread ---
 175.476ms StaticConstructorOnStartupUtility.CallAll()


Hotspot analysis
----------------------------------------
1x StaticConstructorOnStartupUtility.CallAll() -> 175.476 ms (total (w/children): 175.476 ms)
Rebuilding mods list
Adding official mods from content folder:
  Adding Ludeon.RimWorld.Anomaly(D:\SteamLibrary\steamapps\common\RimWorld\Data\Anomaly)
  Adding Ludeon.RimWorld.Biotech(D:\SteamLibrary\steamapps\common\RimWorld\Data\Biotech)
  Adding Ludeon.RimWorld(D:\SteamLibrary\steamapps\common\RimWorld\Data\Core)
  Adding Ludeon.RimWorld.Ideology(D:\SteamLibrary\steamapps\common\RimWorld\Data\Ideology)
  Adding Ludeon.RimWorld.Odyssey(D:\SteamLibrary\steamapps\common\RimWorld\Data\Odyssey)
  Adding Ludeon.RimWorld.Royalty(D:\SteamLibrary\steamapps\common\RimWorld\Data\Royalty)
Adding mods from mods folder:
  Adding Ogliss.AVPXenomorphs(D:\SteamLibrary\steamapps\common\RimWorld\Mods\AVP-Xenomorphs)
  Adding zal.covetheus.nohar(D:\SteamLibrary\steamapps\common\RimWorld\Mods\Covetheus-NoHAR)
Adding mods from Steam:
  Adding IH.Clean.Textures(D:\SteamLibrary\steamapps\workshop\content\294100\2865361569)
  Adding m00nl1ght.GeologicalLandforms(D:\SteamLibrary\steamapps\workshop\content\294100\2773943594)
  Adding vanillaexpanded.gravship(D:\SteamLibrary\steamapps\workshop\content\294100\3609835606)
  Adding OskarPotocki.VFE.Tribals(D:\SteamLibrary\steamapps\workshop\content\294100\3079786283)
  Adding vanillaracesexpanded.sanguophage(D:\SteamLibrary\steamapps\workshop\content\294100\2963116383)
  Adding VanillaExpanded.VWEQ(D:\SteamLibrary\steamapps\workshop\content\294100\1906780517)
  Adding GT.Sam.GlitterTech(D:\SteamLibrary\steamapps\workshop\content\294100\725576127)
  Adding Telefonmast.GraphicsSettings(D:\SteamLibrary\steamapps\workshop\content\294100\1678847247)
  Adding vanillaracesexpanded.android(D:\SteamLibrary\steamapps\workshop\content\294100\2975771801)
  Adding Mehni.PickUpAndHaul(D:\SteamLibrary\steamapps\workshop\content\294100\1279012058)
  Adding sarg.alphaanimals(D:\SteamLibrary\steamapps\workshop\content\294100\1541721856)
  Adding vanillaexpanded.outposts(D:\SteamLibrary\steamapps\workshop\content\294100\2688941031)
  Adding VanillaExpanded.VFEPropsandDecor(D:\SteamLibrary\steamapps\workshop\content\294100\2102143149)
  Adding VanillaExpanded.VEE(D:\SteamLibrary\steamapps\workshop\content\294100\1938420742)
  Adding VanillaExpanded.VFESecurity(D:\SteamLibrary\steamapps\workshop\content\294100\1845154007)
  Adding Orion.Hospitality(D:\SteamLibrary\steamapps\workshop\content\294100\753498552)
  Adding OskarPotocki.VFE.Pirates(D:\SteamLibrary\steamapps\workshop\content\294100\2723801948)
  Adding VanillaExpanded.VPsycastsE(D:\SteamLibrary\steamapps\workshop\content\294100\2842502659)
  Adding CETeam.CombatExtended(D:\SteamLibrary\steamapps\workshop\content\294100\2890901044)
  Adding erdelf.HumanoidAlienRaces(D:\SteamLibrary\steamapps\workshop\content\294100\839005762)
  Adding 400.ImpassableHChestUdeepHWater(D:\SteamLibrary\steamapps\workshop\content\294100\1674624795)
  Adding Aelanna.FistNerf(D:\SteamLibrary\steamapps\workshop\content\294100\2845980214)
  Adding aRandomKiwi.HuntForMe(D:\SteamLibrary\steamapps\workshop\content\294100\1593245720)
  Adding aRandomKiwi.RimSaves(D:\SteamLibrary\steamapps\workshop\content\294100\1713367505)
  Adding automatic.gunplay(D:\SteamLibrary\steamapps\workshop\content\294100\2034896549)
  Adding avilmask.SelfDyeing(D:\SteamLibrary\steamapps\workshop\content\294100\2562859859)
  Adding avius.locks(D:\SteamLibrary\steamapps\workshop\content\294100\1157085076)
  Adding balistafreak.StopDropAndRoll(D:\SteamLibrary\steamapps\workshop\content\294100\2362707956)
  Adding brrainz.harmony(D:\SteamLibrary\steamapps\workshop\content\294100\2009463077)
  Adding CaesarV6.DamageIndicators(D:\SteamLibrary\steamapps\workshop\content\294100\2016331497)
  Adding CarnySenpai.TraitRarityColors(D:\SteamLibrary\steamapps\workshop\content\294100\1751884355)
  Adding co.uk.epicguru.whatsthatmod(D:\SteamLibrary\steamapps\workshop\content\294100\2258431182)
  Adding com.bymarcin.ArchitectIcons(D:\SteamLibrary\steamapps\workshop\content\294100\1195427067)
  Adding dhultgren.smarterconstruction(D:\SteamLibrary\steamapps\workshop\content\294100\2202185773)
  Adding Doug.NoJobAuthors(D:\SteamLibrary\steamapps\workshop\content\294100\2009825774)
  Adding Dubwise.DubsMintMenus(D:\SteamLibrary\steamapps\workshop\content\294100\1446523594)
  Adding dubwise.dubsmintminimap(D:\SteamLibrary\steamapps\workshop\content\294100\1662119905)
  Adding erdelf.MinifyEverything(D:\SteamLibrary\steamapps\workshop\content\294100\872762753)
  Adding Erin.Hairredux(D:\SteamLibrary\steamapps\workshop\content\294100\2361911135)
  Adding falconne.BWM(D:\SteamLibrary\steamapps\workshop\content\294100\935982361)
  Adding Garwel.StartingTechLevel(D:\SteamLibrary\steamapps\workshop\content\294100\2877955245)
  Adding GT.Sam.TilledSoil(D:\SteamLibrary\steamapps\workshop\content\294100\725747149)
  Adding Haplo.Miscellaneous.Robots(D:\SteamLibrary\steamapps\workshop\content\294100\724602224)
  Adding Hol.Words(D:\SteamLibrary\steamapps\workshop\content\294100\2180384246)
  Adding imranfish.xmlextensions(D:\SteamLibrary\steamapps\workshop\content\294100\2574315206)
  Adding Inglix.ApparelTaintedOnCorpseRot(D:\SteamLibrary\steamapps\workshop\content\294100\2413156320)
  Adding Jiopaba.Fences(D:\SteamLibrary\steamapps\workshop\content\294100\2546954423)
  Adding jkluch.HaulToStack(D:\SteamLibrary\steamapps\workshop\content\294100\949498803)
  Adding keepmortarsready.1trickPwnyta(D:\SteamLibrary\steamapps\workshop\content\294100\2548084138)
  Adding kirby.morereligiousorigins(D:\SteamLibrary\steamapps\workshop\content\294100\2620745910)
  Adding komunre.BetterExp.PassiveResearch(D:\SteamLibrary\steamapps\workshop\content\294100\2843607858)
  Adding Madeline.ModMismatchFormatter(D:\SteamLibrary\steamapps\workshop\content\294100\1872244972)
  Adding Mlie.RunAndHide(D:\SteamLibrary\steamapps\workshop\content\294100\2022480344)
  Adding Neronix17.Retexture.RimsenalRimhair(D:\SteamLibrary\steamapps\workshop\content\294100\2747368450)
  Adding Neronix17.Retexture.VanillaBeards(D:\SteamLibrary\steamapps\workshop\content\294100\2777098392)
  Adding Neronix17.Retexture.VanillaHair(D:\SteamLibrary\steamapps\workshop\content\294100\2748834409)
  Adding OskarPotocki.VanillaFactionsExpanded.Core(D:\SteamLibrary\steamapps\workshop\content\294100\2023507013)
  Adding OskarPotocki.VanillaFactionsExpanded.SettlersModule(D:\SteamLibrary\steamapps\workshop\content\294100\2052918119)
  Adding PackMulesExtended.Standard(D:\SteamLibrary\steamapps\workshop\content\294100\1501052499)
  Adding PeteTimesSix.CompactHediffs(D:\SteamLibrary\steamapps\workshop\content\294100\2031734067)
  Adding PeteTimesSix.SimpleSidearms(D:\SteamLibrary\steamapps\workshop\content\294100\927155256)
  Adding plaxen.MalangBodies(D:\SteamLibrary\steamapps\workshop\content\294100\2838181007)
  Adding ratys.rtsolarflareshield(D:\SteamLibrary\steamapps\workshop\content\294100\728315620)
  Adding RH2.BCDs.First.Aid(D:\SteamLibrary\steamapps\workshop\content\294100\2563152474)
  Adding rimsenal.core(D:\SteamLibrary\steamapps\workshop\content\294100\725947920)
  Adding rimsenal.EVP(D:\SteamLibrary\steamapps\workshop\content\294100\849231601)
  Adding rimsenal.federation(D:\SteamLibrary\steamapps\workshop\content\294100\736172213)
  Adding rimsenal.hair(D:\SteamLibrary\steamapps\workshop\content\294100\725949967)
  Adding rimsenal.security(D:\SteamLibrary\steamapps\workshop\content\294100\736139206)
  Adding rimsenal.Techist(D:\SteamLibrary\steamapps\workshop\content\294100\2661828028)
  Adding Romyashi.ExtractAnyPlant(D:\SteamLibrary\steamapps\workshop\content\294100\2833838214)
  Adding sarg.smartspeed(D:\SteamLibrary\steamapps\workshop\content\294100\1504723424)
  Adding sdknm2.QualityOfBuilding(D:\SteamLibrary\steamapps\workshop\content\294100\2101676323)
  Adding Sierra.RT.GeneralTraits(D:\SteamLibrary\steamapps\workshop\content\294100\2206957172)
  Adding sirrandoo.rda(D:\SteamLibrary\steamapps\workshop\content\294100\1905421159)
  Adding Spino.Megafauna(D:\SteamLibrary\steamapps\workshop\content\294100\1055485938)
  Adding sumghai.Medpod(D:\SteamLibrary\steamapps\workshop\content\294100\2153065191)
  Adding Taveron.IncreasedStack(D:\SteamLibrary\steamapps\workshop\content\294100\798158924)
  Adding telardo.DragSelect(D:\SteamLibrary\steamapps\workshop\content\294100\2599942235)
  Adding UnlimitedHugs.AllowTool(D:\SteamLibrary\steamapps\workshop\content\294100\761421485)
  Adding UnlimitedHugs.HugsLib(D:\SteamLibrary\steamapps\workshop\content\294100\818773962)
  Adding VanillaExpanded.Ideo.IconsandSymbols(D:\SteamLibrary\steamapps\workshop\content\294100\2552609458)
  Adding VanillaExpanded.Ideo.RelicsAndArtifacts(D:\SteamLibrary\steamapps\workshop\content\294100\2564895018)
  Adding VanillaExpanded.VAEAccessories(D:\SteamLibrary\steamapps\workshop\content\294100\2521176396)
  Adding VanillaExpanded.VAEEndAndExt(D:\SteamLibrary\steamapps\workshop\content\294100\2366589898)
  Adding VanillaExpanded.VAERoy(D:\SteamLibrary\steamapps\workshop\content\294100\2858079457)
  Adding VanillaExpanded.VanillaAnimalsExpanded(D:\SteamLibrary\steamapps\workshop\content\294100\2871933948)
  Adding VanillaExpanded.VAPPE(D:\SteamLibrary\steamapps\workshop\content\294100\1814987817)
  Adding VanillaExpanded.VARME(D:\SteamLibrary\steamapps\workshop\content\294100\1814988282)
  Adding VanillaExpanded.VBrewE(D:\SteamLibrary\steamapps\workshop\content\294100\2186560858)
  Adding VanillaExpanded.VCookE(D:\SteamLibrary\steamapps\workshop\content\294100\2134308519)
  Adding VanillaExpanded.VFEArt(D:\SteamLibrary\steamapps\workshop\content\294100\1968134023)
  Adding VanillaExpanded.VFECore(D:\SteamLibrary\steamapps\workshop\content\294100\1718190143)
  Adding VanillaExpanded.VFEFarming(D:\SteamLibrary\steamapps\workshop\content\294100\1957158779)
  Adding VanillaExpanded.VFEMedical(D:\SteamLibrary\steamapps\workshop\content\294100\1718191613)
  Adding VanillaExpanded.VFEPower(D:\SteamLibrary\steamapps\workshop\content\294100\2062943477)
  Adding VanillaExpanded.VFEProduction(D:\SteamLibrary\steamapps\workshop\content\294100\1880253632)
  Adding VanillaExpanded.VFESpacer(D:\SteamLibrary\steamapps\workshop\content\294100\2028381079)
  Adding VanillaExpanded.VHE(D:\SteamLibrary\steamapps\workshop\content\294100\1888705256)
  Adding VanillaExpanded.VIEHAR(D:\SteamLibrary\steamapps\workshop\content\294100\2567387768)
  Adding VanillaExpanded.VMemesE(D:\SteamLibrary\steamapps\workshop\content\294100\2636329500)
  Adding VanillaExpanded.VPlantsE(D:\SteamLibrary\steamapps\workshop\content\294100\2134308522)
  Adding VanillaExpanded.VPlantsEMore(D:\SteamLibrary\steamapps\workshop\content\294100\2748889667)
  Adding VanillaExpanded.VPlantsESucculents(D:\SteamLibrary\steamapps\workshop\content\294100\2198652536)
  Adding VanillaExpanded.VTEXVariations(D:\SteamLibrary\steamapps\workshop\content\294100\2493234474)
  Adding VanillaExpanded.VWE(D:\SteamLibrary\steamapps\workshop\content\294100\1814383360)
  Adding VanillaExpanded.VWEC(D:\SteamLibrary\steamapps\workshop\content\294100\2375692535)
  Adding VanillaExpanded.VWEG(D:\SteamLibrary\steamapps\workshop\content\294100\2194472657)
  Adding VanillaExpanded.VWENL(D:\SteamLibrary\steamapps\workshop\content\294100\2454918354)
  Adding void.charactereditor(D:\SteamLibrary\steamapps\workshop\content\294100\1874644848)
  Adding zal.hyena(D:\SteamLibrary\steamapps\workshop\content\294100\2778544400)
  Adding seohyeon.yart(D:\SteamLibrary\steamapps\workshop\content\294100\3745434121)
  Adding MemeGoddess.RunAndGun(D:\SteamLibrary\steamapps\workshop\content\294100\3562365100)
  Adding notfood.MendAndRecycle(D:\SteamLibrary\steamapps\workshop\content\294100\735241897)
  Adding MemeGoddess.GiddyUp(D:\SteamLibrary\steamapps\workshop\content\294100\3674332861)
  Adding NozoMe.MapModeFramework(D:\SteamLibrary\steamapps\workshop\content\294100\3296654393)
  Adding Mlie.MoreFactionInteraction(D:\SteamLibrary\steamapps\workshop\content\294100\2379076640)
  Adding ponpeco.PFSF(D:\SteamLibrary\steamapps\workshop\content\294100\3610234567)
  Adding darjeeling.BattleCloak(D:\SteamLibrary\steamapps\workshop\content\294100\3598135811)
  Adding costel.layeredapparel(D:\SteamLibrary\steamapps\workshop\content\294100\3632480044)
  Adding quartz.floorstoragetanks(D:\SteamLibrary\steamapps\workshop\content\294100\3625783623)
  Adding Salvador143.ShuttleDock(D:\SteamLibrary\steamapps\workshop\content\294100\3648642429)
  Adding jaeger972.factionterritories(D:\SteamLibrary\steamapps\workshop\content\294100\3626725895)
  Adding Van.DACrypts(D:\SteamLibrary\steamapps\workshop\content\294100\2963826335)
  Adding EBSG.Framework(D:\SteamLibrary\steamapps\workshop\content\294100\3112549163)
  Adding VanillaExpanded.Temperature(D:\SteamLibrary\steamapps\workshop\content\294100\3202046258)
  Adding Dizzy.BIRDUP.AllInOne(D:\SteamLibrary\steamapps\workshop\content\294100\3529627105)
  Adding tradingpost.programmerlily.com(D:\SteamLibrary\steamapps\workshop\content\294100\3507108484)
  Adding GRimTerra.TerrainRetexturemod(D:\SteamLibrary\steamapps\workshop\content\294100\3543925559)
  Adding sjaandi.realtiltmod(D:\SteamLibrary\steamapps\workshop\content\294100\3520836521)
  Adding More.Buildable.Grav.Engine.Sizes(D:\SteamLibrary\steamapps\workshop\content\294100\3535995357)
  Adding tyrannidae.birdupplus(D:\SteamLibrary\steamapps\workshop\content\294100\3529981601)
  Adding sd.fa.vteadjustments(D:\SteamLibrary\steamapps\workshop\content\294100\3532050275)
  Adding XanderNirpows.ResearchPalForked16(D:\SteamLibrary\steamapps\workshop\content\294100\3549325465)
  Adding m0ek.BadHygienePatches(D:\SteamLibrary\steamapps\workshop\content\294100\3531411950)
  Adding Abrolo.Grimstone.Beasts(D:\SteamLibrary\steamapps\workshop\content\294100\3535302121)
  Adding Cerule.CleaningAreaRelaunched(D:\SteamLibrary\steamapps\workshop\content\294100\3586697885)
  Adding sneezingseal.sealsbackstorycollection(D:\SteamLibrary\steamapps\workshop\content\294100\3521987415)
  Adding Koth.ISiD(D:\SteamLibrary\steamapps\workshop\content\294100\3551839891)
  Adding Amro.PsychicAnchorMod(D:\SteamLibrary\steamapps\workshop\content\294100\3523197969)
  Adding EchoTideFish.CryptoBionicsForked(D:\SteamLibrary\steamapps\workshop\content\294100\3587732096)
  Adding Okagrim.duskwood(D:\SteamLibrary\steamapps\workshop\content\294100\3560499511)
  Adding Natangry.MakeItUnique(D:\SteamLibrary\steamapps\workshop\content\294100\3550576656)
  Adding Ellenot.VaelkorrCreatures(D:\SteamLibrary\steamapps\workshop\content\294100\3568419088)
  Adding falconne.AFF(D:\SteamLibrary\steamapps\workshop\content\294100\3532871145)
  Adding jecrell.jecstools(D:\SteamLibrary\steamapps\workshop\content\294100\3524247750)
  Adding dev.soeur.imageopt(D:\SteamLibrary\steamapps\workshop\content\294100\3543873568)
  Adding Chougou.ChougouMechs.core(D:\SteamLibrary\steamapps\workshop\content\294100\3531074246)
  Adding Endy.Airtightgarage(D:\SteamLibrary\steamapps\workshop\content\294100\3534740420)
  Adding SuperPox.GravshipBiofuelRefineryAddOn(D:\SteamLibrary\steamapps\workshop\content\294100\3556056267)
  Adding tefnut.gravship.water.systems(D:\SteamLibrary\steamapps\workshop\content\294100\3587768178)
  Adding ilyvion.LoadingProgress(D:\SteamLibrary\steamapps\workshop\content\294100\3535481557)
  Adding Dragoon103.LARVA(D:\SteamLibrary\steamapps\workshop\content\294100\3529162764)
  Adding CatLover366.BootsAndGloves(D:\SteamLibrary\steamapps\workshop\content\294100\3552813398)
  Adding rabiosus.ExtinguisherDrone(D:\SteamLibrary\steamapps\workshop\content\294100\3555852714)
  Adding MemeGoddess.TDPack(D:\SteamLibrary\steamapps\workshop\content\294100\3525414162)
  Adding Arcjc007.ShieldGenerator(D:\SteamLibrary\steamapps\workshop\content\294100\3591079938)
  Adding com.daffodilistic.rimworld.autoharvestwildplants(D:\SteamLibrary\steamapps\workshop\content\294100\3527754597)
  Adding dev.soeur.ScenarioEditorUIOverhaul(D:\SteamLibrary\steamapps\workshop\content\294100\3547456746)
  Adding SlimeSenpai.AutoVents(D:\SteamLibrary\steamapps\workshop\content\294100\2223332301)
  Adding Arylice.Rimworld.AutomaticHunting(D:\SteamLibrary\steamapps\workshop\content\294100\3340648302)
  Adding laredson.harvestandhaul(D:\SteamLibrary\steamapps\workshop\content\294100\3563060965)
  Adding RedMattis.BetterGeneInheritance(D:\SteamLibrary\steamapps\workshop\content\294100\3046776238)
  Adding zal.musicmanager(D:\SteamLibrary\steamapps\workshop\content\294100\3220120457)
  Adding AndrewRaphaelLukasik.AllowDeadAnimals(D:\SteamLibrary\steamapps\workshop\content\294100\2403873031)
  Adding kenzej.multihunter(D:\SteamLibrary\steamapps\workshop\content\294100\3560890077)
  Adding Mlie.PredatorHuntAlert(D:\SteamLibrary\steamapps\workshop\content\294100\3274792989)
  Adding zmysk.The.Fire.Rises.In.Rim.Music.Channel.In.Chaos.World(D:\SteamLibrary\steamapps\workshop\content\294100\3479100430)
  Adding V.Rooboid.Faun(D:\SteamLibrary\steamapps\workshop\content\294100\3547220635)
  Adding tug.Satyr(D:\SteamLibrary\steamapps\workshop\content\294100\3548322381)
  Adding LiterallyFree.ColonistReturnBuff(D:\SteamLibrary\steamapps\workshop\content\294100\3552336221)
  Adding toxicyui.impactfulskills.modsupport(D:\SteamLibrary\steamapps\workshop\content\294100\3554124215)
  Adding Mlie.Callouts(D:\SteamLibrary\steamapps\workshop\content\294100\3552812111)
  Adding Aoba.CargoContainer.Waste(D:\SteamLibrary\steamapps\workshop\content\294100\2888532939)
  Adding Aoba.CargoContainer(D:\SteamLibrary\steamapps\workshop\content\294100\2725808118)
  Adding Orion.CashRegister(D:\SteamLibrary\steamapps\workshop\content\294100\3509487668)
  Adding Fuu.BloodAnimations(D:\SteamLibrary\steamapps\workshop\content\294100\3228047321)
  Adding sbz.GravshipStorage(D:\SteamLibrary\steamapps\workshop\content\294100\3537905298)
  Adding RedMattis.BiggerGravship(D:\SteamLibrary\steamapps\workshop\content\294100\3522759531)
  Adding lucio.TrueVisualMisses(D:\SteamLibrary\steamapps\workshop\content\294100\3545029440)
  Adding ICC.TOV.BT(D:\SteamLibrary\steamapps\workshop\content\294100\3545135569)
  Adding Febvre.TheOrientalMusicPack.ContinuedVersion(D:\SteamLibrary\steamapps\workshop\content\294100\3545215481)
  Adding dhl.seedfish(D:\SteamLibrary\steamapps\workshop\content\294100\3549336894)
  Adding kathanon.ShowAllMaterials(D:\SteamLibrary\steamapps\workshop\content\294100\3548862444)
  Adding LazyFridayStudio.GenesExpandedHeads(D:\SteamLibrary\steamapps\workshop\content\294100\3549061328)
  Adding NoFlag.AutoMortarsForked(D:\SteamLibrary\steamapps\workshop\content\294100\3547478297)
  Adding Xale86.TacticalChargeWeapons(D:\SteamLibrary\steamapps\workshop\content\294100\3547573485)
  Adding Mlie.AreaUnlocker(D:\SteamLibrary\steamapps\workshop\content\294100\3550817577)
  Adding Mlie.EnemySelfPreservation(D:\SteamLibrary\steamapps\workshop\content\294100\3547114006)
  Adding LazyFridayStudio.GenesExpandedHorns(D:\SteamLibrary\steamapps\workshop\content\294100\3547798297)
  Adding Kopp.WeaponPolicy(D:\SteamLibrary\steamapps\workshop\content\294100\3548647836)
  Adding amadejj5000.vveshuttlerecipetweaks(D:\SteamLibrary\steamapps\workshop\content\294100\3548950295)
  Adding tug.Minotaur(D:\SteamLibrary\steamapps\workshop\content\294100\3548423129)
  Adding Mlie.LogAfterDefError(D:\SteamLibrary\steamapps\workshop\content\294100\3550944748)
  Adding lf.mod.SlimpleHiveMind(D:\SteamLibrary\steamapps\workshop\content\294100\3547837397)
  Adding tug.SatyrFaun.Expanded(D:\SteamLibrary\steamapps\workshop\content\294100\3548973881)
  Adding Mlie.PawnNameVariety(D:\SteamLibrary\steamapps\workshop\content\294100\3548290568)
  Adding futurplanet.industrialconcretefloorpatch(D:\SteamLibrary\steamapps\workshop\content\294100\3174792333)
  Adding als.gravtech(D:\SteamLibrary\steamapps\workshop\content\294100\3545374124)
  Adding Memegoddess.TDSBugFixes(D:\SteamLibrary\steamapps\workshop\content\294100\3529433984)
  Adding jecrell.doorsexpanded(D:\SteamLibrary\steamapps\workshop\content\294100\3532342422)
  Adding Kattalisk.GravEngineGivesPower(D:\SteamLibrary\steamapps\workshop\content\294100\3523792786)
  Adding Owlchemist.PowerTab.forked.RunningBugs(D:\SteamLibrary\steamapps\workshop\content\294100\3528086894)
  Adding duz.almosttherefork(D:\SteamLibrary\steamapps\workshop\content\294100\3515165298)
  Adding Memegoddess.TDFindLib(D:\SteamLibrary\steamapps\workshop\content\294100\3529443295)
  Adding Chaotic.BarelyBetterSpots(D:\SteamLibrary\steamapps\workshop\content\294100\3466316759)
  Adding tro.vwe.overhaul(D:\SteamLibrary\steamapps\workshop\content\294100\3457785624)
  Adding azrazalea.dbh.springwater.patch(D:\SteamLibrary\steamapps\workshop\content\294100\3531641684)
  Adding Memegoddess.BuildFromInventory(D:\SteamLibrary\steamapps\workshop\content\294100\3534185281)
  Adding Kilo.CapVacHelm(D:\SteamLibrary\steamapps\workshop\content\294100\3528780638)
  Adding FrozenSnowFox.BetterExplorationLoot(D:\SteamLibrary\steamapps\workshop\content\294100\3526957922)
  Adding moja.salvagerubble(D:\SteamLibrary\steamapps\workshop\content\294100\3529058623)
  Adding Farxmai2.VanillaDeconstructableVehicles(D:\SteamLibrary\steamapps\workshop\content\294100\3108171008)
  Adding VanillaExpanded.VTEXE.FacialAnims(D:\SteamLibrary\steamapps\workshop\content\294100\2816938779)
  Adding Memegoddess.ReplaceStuff(D:\SteamLibrary\steamapps\workshop\content\294100\3526354009)
  Adding tarojun.morishep.onioftherim(D:\SteamLibrary\steamapps\workshop\content\294100\2891432261)
  Adding LingLuo.Cockroach(D:\SteamLibrary\steamapps\workshop\content\294100\3196253802)
  Adding Mlie.RimofMadnessArachnophobia(D:\SteamLibrary\steamapps\workshop\content\294100\2242359252)
  Adding naft.rimmercenaries(D:\SteamLibrary\steamapps\workshop\content\294100\3487010360)
  Adding cgf1.songsfortherim(D:\SteamLibrary\steamapps\workshop\content\294100\3409452841)
  Adding rimsenal.Murica(D:\SteamLibrary\steamapps\workshop\content\294100\2824711444)
  Adding tinygrox.Mod.RWQoLTweaks(D:\SteamLibrary\steamapps\workshop\content\294100\3521875853)
  Adding void.terraformrimworld(D:\SteamLibrary\steamapps\workshop\content\294100\1874652867)
  Adding Shashlichnik.DeepAndDeeper(D:\SteamLibrary\steamapps\workshop\content\294100\3509420021)
  Adding BB.VAE.Gloves.And.Boots(D:\SteamLibrary\steamapps\workshop\content\294100\3528330887)
  Adding Bishaojiu.DeepAndDeeperCavernTexture(D:\SteamLibrary\steamapps\workshop\content\294100\3526471369)
  Adding bean.xeno.gnolls(D:\SteamLibrary\steamapps\workshop\content\294100\3526912716)
  Adding mrwireman.Noconduit(D:\SteamLibrary\steamapps\workshop\content\294100\3526067333)
  Adding smallmine.HeavyShuttle(D:\SteamLibrary\steamapps\workshop\content\294100\3528001139)
  Adding Arkymn.SlowerPawnTickRate(D:\SteamLibrary\steamapps\workshop\content\294100\3524116050)
  Adding Memegoddess.SmartMedicine(D:\SteamLibrary\steamapps\workshop\content\294100\3526251680)
  Adding ASF.DeepStorage(D:\SteamLibrary\steamapps\workshop\content\294100\3373064575)
  Adding VanillaExpanded.VGeneticsE(D:\SteamLibrary\steamapps\workshop\content\294100\2801160906)
  Adding zal.levelthis(D:\SteamLibrary\steamapps\workshop\content\294100\3263017689)
  Adding mrwireman.powercell.01(D:\SteamLibrary\steamapps\workshop\content\294100\3524003581)
  Adding Chaotic.RVInterior(D:\SteamLibrary\steamapps\workshop\content\294100\3184281714)
  Adding vanillaquestsexpanded.deadlife(D:\SteamLibrary\steamapps\workshop\content\294100\3497226454)
  Adding vanillaquestsexpanded.generator(D:\SteamLibrary\steamapps\workshop\content\294100\3411401573)
  Adding Aelanna.ResearchTabColors(D:\SteamLibrary\steamapps\workshop\content\294100\3108740804)
  Adding fluffy.researchtree(D:\SteamLibrary\steamapps\workshop\content\294100\3460408210)
  Adding VanillaExpanded.VWEBF(D:\SteamLibrary\steamapps\workshop\content\294100\3287469135)
  Adding Adamas.Storefront(D:\SteamLibrary\steamapps\workshop\content\294100\2952321484)
  Adding Mlie.RelevantStatsInDescription(D:\SteamLibrary\steamapps\workshop\content\294100\2692669482)
  Adding automatic.traderships(D:\SteamLibrary\steamapps\workshop\content\294100\2046222331)
  Adding Dubwise.DubsApparelTweaks(D:\SteamLibrary\steamapps\workshop\content\294100\2296697286)
  Adding rimsenal.storyteller(D:\SteamLibrary\steamapps\workshop\content\294100\725952322)
  Adding sarg.alphagenes(D:\SteamLibrary\steamapps\workshop\content\294100\2891845502)
  Adding adaptive.storage.framework(D:\SteamLibrary\steamapps\workshop\content\294100\3033901359)
  Adding Dubwise.DubsPaintShop(D:\SteamLibrary\steamapps\workshop\content\294100\1579516669)
  Adding fed1sPlay.PawnTargetFix(D:\SteamLibrary\steamapps\workshop\content\294100\2014789938)
  Adding VanillaExpanded.VPersonaWeaponsE(D:\SteamLibrary\steamapps\workshop\content\294100\2826922787)
  Adding vanillaexpanded.backgrounds(D:\SteamLibrary\steamapps\workshop\content\294100\2775017012)
  Adding avilmask.CommonSense(D:\SteamLibrary\steamapps\workshop\content\294100\1561769193)
  Adding Erin.FluffyFauna(D:\SteamLibrary\steamapps\workshop\content\294100\3521909777)
  Adding ASP.HalituisAmaricanous(D:\SteamLibrary\steamapps\workshop\content\294100\3522312454)
  Adding Defi.AutoCutBlight(D:\SteamLibrary\steamapps\workshop\content\294100\3520167264)
  Adding vin.warehouse.storage(D:\SteamLibrary\steamapps\workshop\content\294100\3519963835)
  Adding DawnsGlow.qualcolor(D:\SteamLibrary\steamapps\workshop\content\294100\3513846773)
  Adding Mlie.JustIgnoreMePassing(D:\SteamLibrary\steamapps\workshop\content\294100\3503627342)
  Adding Mlie.RealisticHumanSounds(D:\SteamLibrary\steamapps\workshop\content\294100\3497264525)
  Adding sihv.rombones(D:\SteamLibrary\steamapps\workshop\content\294100\1180573408)
  Adding Dubwise.DubsPerformanceAnalyzer.steam(D:\SteamLibrary\steamapps\workshop\content\294100\2038874626)
  Adding Oblitus.AnimalsLogic(D:\SteamLibrary\steamapps\workshop\content\294100\1098354593)
  Adding Teiwaz.OOT(D:\SteamLibrary\steamapps\workshop\content\294100\3522859265)
  Adding Propickelz.TinkerBench(D:\SteamLibrary\steamapps\workshop\content\294100\3522976063)
  Adding Aelanna.TransparentSubstructure(D:\SteamLibrary\steamapps\workshop\content\294100\3522762741)
  Adding MrKociak.BiotechTunnelersAreDeepDrills(D:\SteamLibrary\steamapps\workshop\content\294100\3521193199)
  Adding Darknote.BunkBeds(D:\SteamLibrary\steamapps\workshop\content\294100\2961752749)
  Adding Woolyung.DoTheRitualsYourselves(D:\SteamLibrary\steamapps\workshop\content\294100\3511385838)
  Adding moistestWhale.stuffOnTablesForked(D:\SteamLibrary\steamapps\workshop\content\294100\3289533061)
  Adding Fluffy.WorkTab(D:\SteamLibrary\steamapps\workshop\content\294100\3453549086)
  Adding dracoix.doormat.r12a(D:\SteamLibrary\steamapps\workshop\content\294100\1505423207)
  Adding SR.ModRimworld.FactionalWarContinued(D:\SteamLibrary\steamapps\workshop\content\294100\3423264477)
  Adding Linnun.AutoCastSpecialistCommands(D:\SteamLibrary\steamapps\workshop\content\294100\3459647882)
  Adding nawjak.pawnsondisplay(D:\SteamLibrary\steamapps\workshop\content\294100\3446605621)
  Adding Linnun.KeepConverting(D:\SteamLibrary\steamapps\workshop\content\294100\3461478214)
  Adding AOBA.Framework(D:\SteamLibrary\steamapps\workshop\content\294100\3498575851)
  Adding GonDragon.TechTree(D:\SteamLibrary\steamapps\workshop\content\294100\3328259983)
  Adding kathanon.FloatSubMenu(D:\SteamLibrary\steamapps\workshop\content\294100\2864015430)
  Adding sd.fa.reelsadjustments(D:\SteamLibrary\steamapps\workshop\content\294100\3429452043)
  Adding NuanKi.LocalFlight(D:\SteamLibrary\steamapps\workshop\content\294100\3482176791)
  Adding Milkman.BiotechCosmeticGenesMM(D:\SteamLibrary\steamapps\workshop\content\294100\2985847757)
  Adding buyue.SimpleTextureTweaks(D:\SteamLibrary\steamapps\workshop\content\294100\3245917504)
  Adding Thumb.GoreMod(D:\SteamLibrary\steamapps\workshop\content\294100\2957877186)
  Adding TBO.Visored(D:\SteamLibrary\steamapps\workshop\content\294100\3070137089)
  Adding Zaire82.HDHeadAttatchmentsForFacialAnimation(D:\SteamLibrary\steamapps\workshop\content\294100\2917322097)
  Adding telardo.BetterGeneGraphicsFramework(D:\SteamLibrary\steamapps\workshop\content\294100\2880940958)
  Adding vanillaexpanded.skills(D:\SteamLibrary\steamapps\workshop\content\294100\3400246558)
  Adding JintuziLamian.Gene.XenoCosmetic(D:\SteamLibrary\steamapps\workshop\content\294100\2880942803)
  Adding Owlchemist.SimpleFX.Smoke2(D:\SteamLibrary\steamapps\workshop\content\294100\3261314247)
  Adding Aoba.Tent(D:\SteamLibrary\steamapps\workshop\content\294100\2407128339)
  Adding automatic.rimlaser(D:\SteamLibrary\steamapps\workshop\content\294100\1465459039)
  Adding Arkymn.AgingVisuals(D:\SteamLibrary\steamapps\workshop\content\294100\2807132773)
  Adding Bichang.MoreSculpture(D:\SteamLibrary\steamapps\workshop\content\294100\1612316880)
  Adding bodlosh.WeaponStats(D:\SteamLibrary\steamapps\workshop\content\294100\974066449)
  Adding brrainz.cameraplus(D:\SteamLibrary\steamapps\workshop\content\294100\867467808)
  Adding Cain.Mineshaft(D:\SteamLibrary\steamapps\workshop\content\294100\2503894706)
  Adding CaretCake.Resources.MoreComponentsandSteelMoreVanilla(D:\SteamLibrary\steamapps\workshop\content\294100\2873665800)
  Adding com.yayo.yayoAni.continued(D:\SteamLibrary\steamapps\workshop\content\294100\2877292196)
  Adding CrashM.ColorCodedMoodBar.11(D:\SteamLibrary\steamapps\workshop\content\294100\2006605356)
  Adding cucumpear.azrael.varietycoats(D:\SteamLibrary\steamapps\workshop\content\294100\1511926373)
  Adding Daria40K.BigLittleModPatch(D:\SteamLibrary\steamapps\workshop\content\294100\2710382569)
  Adding denev.SmartTurretCovering(D:\SteamLibrary\steamapps\workshop\content\294100\2636621800)
  Adding Dubwise.DubsBadHygiene(D:\SteamLibrary\steamapps\workshop\content\294100\836308268)
  Adding Dubwise.DubsBreakMod(D:\SteamLibrary\steamapps\workshop\content\294100\1722398508)
  Adding Dubwise.Rimatomics(D:\SteamLibrary\steamapps\workshop\content\294100\1127530465)
  Adding Dubwise.DubsRimkit(D:\SteamLibrary\steamapps\workshop\content\294100\832333531)
  Adding FrozenSnowFox.ComplexJobs(D:\SteamLibrary\steamapps\workshop\content\294100\2069684319)
  Adding FrozenSnowFox.FilthVanishesWithRainAndTime(D:\SteamLibrary\steamapps\workshop\content\294100\1508341791)
  Adding Jaxe.RimHUD(D:\SteamLibrary\steamapps\workshop\content\294100\1508850027)
  Adding kahdeg.Killfeed(D:\SteamLibrary\steamapps\workshop\content\294100\1362098265)
  Adding khamenman.armorracks(D:\SteamLibrary\steamapps\workshop\content\294100\1875828205)
  Adding Krafs.LevelUp(D:\SteamLibrary\steamapps\workshop\content\294100\1701592470)
  Adding m00nl1ght.MapPreview(D:\SteamLibrary\steamapps\workshop\content\294100\2800857642)
  Adding marvinkosh.sometimesraidsgowrong(D:\SteamLibrary\steamapps\workshop\content\294100\1551336515)
  Adding Mlie.AutopsyTable(D:\SteamLibrary\steamapps\workshop\content\294100\2102410542)
  Adding Mlie.DifferentEggSizes(D:\SteamLibrary\steamapps\workshop\content\294100\2625721813)
  Adding Mlie.VariousSpaceShipChunk(D:\SteamLibrary\steamapps\workshop\content\294100\2014616487)
  Adding nephlite.orbitaltradecolumn(D:\SteamLibrary\steamapps\workshop\content\294100\2013476665)
  Adding Nals.FacialAnimation(D:\SteamLibrary\steamapps\workshop\content\294100\1635901197)
  Adding neronix17.shieldgenerators(D:\SteamLibrary\steamapps\workshop\content\294100\2540563802)
  Adding neronix17.toolbox(D:\SteamLibrary\steamapps\workshop\content\294100\1660622094)
  Adding rimsenal.Sophian(D:\SteamLibrary\steamapps\workshop\content\294100\2655926624)
  Adding Sarg.AlphaMemes(D:\SteamLibrary\steamapps\workshop\content\294100\2661356814)
  Adding sakama.StorytellerHair(D:\SteamLibrary\steamapps\workshop\content\294100\1274576130)
  Adding sarg.rimbees(D:\SteamLibrary\steamapps\workshop\content\294100\1558161673)
  Adding sirrandoo.msf(D:\SteamLibrary\steamapps\workshop\content\294100\1906174567)
  Adding telardo.RomanceOnTheRim(D:\SteamLibrary\steamapps\workshop\content\294100\2654432921)
  Adding tidal.morevanilla.textures(D:\SteamLibrary\steamapps\workshop\content\294100\2707120862)
  Adding Tory.Icons.Historical(D:\SteamLibrary\steamapps\workshop\content\294100\2552398418)
  Adding Turnovus.Biotech.IntegratedGenes(D:\SteamLibrary\steamapps\workshop\content\294100\2884115974)
  Adding VanillaExpanded.VanillaBackstoriesExpanded(D:\SteamLibrary\steamapps\workshop\content\294100\2861806869)
  Adding VanillaExpanded.VanillaTraitsExpanded(D:\SteamLibrary\steamapps\workshop\content\294100\2296404655)
  Adding VanillaExpanded.VanillaSocialInteractionsExpanded(D:\SteamLibrary\steamapps\workshop\content\294100\2439736083)
  Adding VanillaExpanded.VCEF(D:\SteamLibrary\steamapps\workshop\content\294100\1914064942)
  Adding VanillaExpanded.VBooksE(D:\SteamLibrary\steamapps\workshop\content\294100\2193152410)
  Adding VanillaExpanded.VCEFAddon(D:\SteamLibrary\steamapps\workshop\content\294100\2468543398)
  Adding VanillaExpanded.VTEXE(D:\SteamLibrary\steamapps\workshop\content\294100\2016436324)
  Adding Wemd.RealisticDarknessLight(D:\SteamLibrary\steamapps\workshop\content\294100\1555355332)
  Adding weilbyte.snapout(D:\SteamLibrary\steamapps\workshop\content\294100\1319782555)
  Adding XeoNovaDan.VisiblePants(D:\SteamLibrary\steamapps\workshop\content\294100\2264108215)
  Adding ocarina.prisonerjumpsuits(D:\SteamLibrary\steamapps\workshop\content\294100\3402467889)
  Adding Samael.NPCMechsAndAnimals(D:\SteamLibrary\steamapps\workshop\content\294100\3407831843)
  Adding Mlie.UseThisInstead(D:\SteamLibrary\steamapps\workshop\content\294100\3396308787)
  Adding MF.BSApparel(D:\SteamLibrary\steamapps\workshop\content\294100\3444262741)
  Adding killerbot.gtekdevilstrandsynthesis(D:\SteamLibrary\steamapps\workshop\content\294100\3382783628)
  Adding VehiclesWrecksExpanded.Revisited(D:\SteamLibrary\steamapps\workshop\content\294100\3348827283)
  Adding rtxyd.RealFactionGuest(D:\SteamLibrary\steamapps\workshop\content\294100\3302093855)
  Adding sleepy068.morepsycasts(D:\SteamLibrary\steamapps\workshop\content\294100\2884678003)
  Adding vera.bug(D:\SteamLibrary\steamapps\workshop\content\294100\2896673577)
  Adding GonDragon.TTPF(D:\SteamLibrary\steamapps\workshop\content\294100\3328259637)
  Adding Mlie.BioReactor(D:\SteamLibrary\steamapps\workshop\content\294100\3307031939)
  Adding zal.majesticfoilageframework(D:\SteamLibrary\steamapps\workshop\content\294100\3358954913)
  Adding zal.majesticcmt(D:\SteamLibrary\steamapps\workshop\content\294100\3358963770)
  Adding zal.majesticcomigopack(D:\SteamLibrary\steamapps\workshop\content\294100\3358962831)
  Adding Mlie.SmarterVisitors(D:\SteamLibrary\steamapps\workshop\content\294100\3012491521)
  Adding Turnovus.Biotech.IntegratedXenotypes(D:\SteamLibrary\steamapps\workshop\content\294100\2888056643)
  Adding azravos.factioncustomizer(D:\SteamLibrary\steamapps\workshop\content\294100\3336572602)
  Adding Krit.KillaCranTime(D:\SteamLibrary\steamapps\workshop\content\294100\2891843965)
  Adding SR.ModRimworld.RaidExtension(D:\SteamLibrary\steamapps\workshop\content\294100\3340459422)
  Adding gy.urav(D:\SteamLibrary\steamapps\workshop\content\294100\3346656077)
  Adding Explorern11.VehiclesWrecksExpanded(D:\SteamLibrary\steamapps\workshop\content\294100\3299034372)
  Adding VitaKaninen.ShelfPatch(D:\SteamLibrary\steamapps\workshop\content\294100\3297737876)
  Adding Haecriver.SimplyMoreColors(D:\SteamLibrary\steamapps\workshop\content\294100\3318926229)
  Adding NuanKi.ControlledRituals(D:\SteamLibrary\steamapps\workshop\content\294100\3328826971)
  Adding OskarPotocki.VanillaVehiclesExpandedUpgrades(D:\SteamLibrary\steamapps\workshop\content\294100\3302208420)
  Adding bolphen.avatar(D:\SteamLibrary\steamapps\workshop\content\294100\3111373293)
  Adding LazyFridayStudio.GenesExpandedHair(D:\SteamLibrary\steamapps\workshop\content\294100\3221946756)
  Adding Wara.toomanymods(D:\SteamLibrary\steamapps\workshop\content\294100\3250762483)
  Adding matvey24.FPSStabilizer(D:\SteamLibrary\steamapps\workshop\content\294100\3318922522)
  Adding VanillaExpanded.BaseGeneration(D:\SteamLibrary\steamapps\workshop\content\294100\3209927822)
  Adding RedMattis.MoreXenos(D:\SteamLibrary\steamapps\workshop\content\294100\3218636337)
  Adding Owlchemist.FridgeUtilities(D:\SteamLibrary\steamapps\workshop\content\294100\3219883811)
  Adding kongkim.VanillaPackedDirt(D:\SteamLibrary\steamapps\workshop\content\294100\3222337520)
  Adding lts.I(D:\SteamLibrary\steamapps\workshop\content\294100\3223443793)
  Adding Sea.ConsistentGeneInheritanceContinued(D:\SteamLibrary\steamapps\workshop\content\294100\3225695697)
  Adding MemeGoddess.SearchAndDestroy(D:\SteamLibrary\steamapps\workshop\content\294100\3232242247)
  Adding GrillMaster.integratedcreepjoiners(D:\SteamLibrary\steamapps\workshop\content\294100\3233429182)
  Adding Atlas.SimpleFX.Vapor.Revaporized(D:\SteamLibrary\steamapps\workshop\content\294100\3238776309)
  Adding BriannBanned.BriannsMissileFramework(D:\SteamLibrary\steamapps\workshop\content\294100\3242612428)
  Adding BriannBanned.BriannsMissiles(D:\SteamLibrary\steamapps\workshop\content\294100\3242612561)
  Adding BP.ShowBuildableMaterialCount(D:\SteamLibrary\steamapps\workshop\content\294100\3245101540)
  Adding UNAGI.apparel.B.Zibunyou(D:\SteamLibrary\steamapps\workshop\content\294100\3245977854)
  Adding Keepercraft.RimKeeperAnimals(D:\SteamLibrary\steamapps\workshop\content\294100\3259367736)
  Adding Owlchemist.SimpleFX.Splashes(D:\SteamLibrary\steamapps\workshop\content\294100\3261109179)
  Adding nephlite.advexplosions(D:\SteamLibrary\steamapps\workshop\content\294100\2572683272)
  Adding zal.namesgalore(D:\SteamLibrary\steamapps\workshop\content\294100\3263018536)
  Adding zal.simplefxshinies(D:\SteamLibrary\steamapps\workshop\content\294100\3266722212)
  Adding VexedTrees980.RimRobots(D:\SteamLibrary\steamapps\workshop\content\294100\2743171832)
  Adding Meltup.BeautifulOutdoors(D:\SteamLibrary\steamapps\workshop\content\294100\2011794898)
  Adding Aoba.Fortress.Industrial.Concrete(D:\SteamLibrary\steamapps\workshop\content\294100\2888037450)
  Adding Nera.SpawnThoseGenes(D:\SteamLibrary\steamapps\workshop\content\294100\2898044088)
  Adding vanillaracesexpanded.customicons(D:\SteamLibrary\steamapps\workshop\content\294100\2917311689)
  Adding IssacZhuang.MuzzleFlash(D:\SteamLibrary\steamapps\workshop\content\294100\2917732219)
  Adding RedMattis.BigSmall.Core(D:\SteamLibrary\steamapps\workshop\content\294100\2920751126)
  Adding RedMattis.BetterPrerequisites(D:\SteamLibrary\steamapps\workshop\content\294100\2925432336)
  Adding OskarPotocki.VFE.Empire(D:\SteamLibrary\steamapps\workshop\content\294100\2938820380)
  Adding Adamas.HospitalityCasino(D:\SteamLibrary\steamapps\workshop\content\294100\2939292644)
  Adding co.uk.epicguru.meleeanimation(D:\SteamLibrary\steamapps\workshop\content\294100\2944488802)
  Adding VanillaExpanded.VAEWaste(D:\SteamLibrary\steamapps\workshop\content\294100\2962126499)
  Adding ND.RTPJ(D:\SteamLibrary\steamapps\workshop\content\294100\2962208832)
  Adding TheVillain.Animalfoodsextended(D:\SteamLibrary\steamapps\workshop\content\294100\2971675296)
  Adding zal.eyeprosthetics(D:\SteamLibrary\steamapps\workshop\content\294100\2973777411)
  Adding vanillaracesexpanded.highmate(D:\SteamLibrary\steamapps\workshop\content\294100\2995385834)
  Adding VanillaExpanded.VPlantsEMushrooms(D:\SteamLibrary\steamapps\workshop\content\294100\3006389281)
  Adding Aoba.Motorization.Engine(D:\SteamLibrary\steamapps\workshop\content\294100\3009527756)
  Adding OskarPotocki.VanillaVehiclesExpanded(D:\SteamLibrary\steamapps\workshop\content\294100\3014906877)
  Adding SmashPhil.VehicleFramework(D:\SteamLibrary\steamapps\workshop\content\294100\3014915404)
  Adding zeracronius.dynamictradeinterface(D:\SteamLibrary\steamapps\workshop\content\294100\3020706506)
  Adding OskarPotocki.VFE.Deserters(D:\SteamLibrary\steamapps\workshop\content\294100\3025493377)
  Adding OskarPotocki.VanillaVehiclesExpandedTier3(D:\SteamLibrary\steamapps\workshop\content\294100\3047892432)
  Adding Reel.FacialAnims(D:\SteamLibrary\steamapps\workshop\content\294100\3118315633)
  Adding XMB.AncientMiningIndustry.MO(D:\SteamLibrary\steamapps\workshop\content\294100\3141472661)
  Adding mosi.MoreMiniHorns(D:\SteamLibrary\steamapps\workshop\content\294100\3151668881)
  Adding zal.artifactsexpanded(D:\SteamLibrary\steamapps\workshop\content\294100\3162042049)
  Adding vanillaracesexpanded.pigskin(D:\SteamLibrary\steamapps\workshop\content\294100\3164798809)
  Adding TheEverythingPackLegoBoi.Ideo.IconsandSymbols(D:\SteamLibrary\steamapps\workshop\content\294100\3177767220)
  Adding tk421storm.Ragdoll(D:\SteamLibrary\steamapps\workshop\content\294100\3179116177)
  Adding VanillaExpanded.Ideo.SophianStyle(D:\SteamLibrary\steamapps\workshop\content\294100\3194606539)
  Adding lts.CC(D:\SteamLibrary\steamapps\workshop\content\294100\3194949159)
  Adding Pumpkinlass.PantsRetexture(D:\SteamLibrary\steamapps\workshop\content\294100\3772689105)
  Adding alenDio.dawnofanewday(D:\SteamLibrary\steamapps\workshop\content\294100\3771580900)
Deactivating not-installed mods:
Fallback handler could not load library D:/SteamLibrary/steamapps/common/RimWorld/RimWorldWin64_Data/MonoBleedingEdge/data-0000019333718A00.dll
Fallback handler could not load library D:/SteamLibrary/steamapps/common/RimWorld/RimWorldWin64_Data/MonoBleedingEdge/data-00000193667063E0.dll
[Loading Progress] Loading Progress v0.14.0 initialized! Enjoy the rest of your loading experience!
[HugsLib] version 12.0.0
[HugsLib] early-initializing AllowTool
Alien Vs Predator: successfully completed 38 harmony patches.
Exception loading def from file Scenario_Covetheus.xml: System.ArgumentException: Could not find type named ScenPart_StartingHumanlike from node <li Class="ScenPart_StartingHumanlike"><def>StartingHumanlike</def><pawnCount>1</pawnCount><kindDef>Walter_Colonist</kindDef></li>
Parameter name: node
[Ref 75CAF5C6]
  at Verse.DirectXmlToObjectNew.ResolveTypeForNode (System.Type defaultType, System.Xml.XmlNode node) [0x0005a] in <61e4173561894da49d210260257b5097>:0 
(wrapper dynamic-method) Verse.DirectXmlToObjectNew+DummyTypeToHoldDynamicMethods.ParseAndSetListField_RimWorld_ScenPart(object,System.Reflection.FieldInfo,System.Xml.XmlNode,System.Type)
(wrapper dynamic-method) Verse.DirectXmlToObjectNew+DummyTypeToHoldDynamicMethods.ParseAndSetComplexTypeField_SharedBody(object,System.Reflection.FieldInfo,System.Xml.XmlNode,System.Type)
(wrapper dynamic-method) Verse.DirectXmlToObjectNew+DummyTypeToHoldDynamicMethods.ParseAndReturnDef_RimWorld_ScenarioDef(int,int,System.Xml.XmlNode,System.Type)
  at Verse.DirectXmlToObjectNew.DefFromNodeNew (System.Xml.XmlNode node, Verse.LoadableXmlAsset loadingAsset) [0x00104] in <61e4173561894da49d210260257b5097>:0 
    - POSTFIX ilyvion.loadingprogress: Void ilyvion.LoadingProgress.DirectXmlToObjectNew_LoadingDataTracker_Patches:DefFromNodeNewPostfix(Def __result)
Texture LP_Eye.png is being reloaded with reduced mipmap count (clamped to 2) due to non-power-of-two dimensions: (40x40). This will be slower to load, and will look worse when zoomed out. Consider using a power-of-two texture size instead.
Texture quickstartIcon.png is being reloaded with reduced mipmap count (clamped to 2) due to non-power-of-two dimensions: (24x24). This will be slower to load, and will look worse when zoomed out. Consider using a power-of-two texture size instead.
Texture TDReplaceStuffIcon.png is being reloaded with reduced mipmap count (clamped to 1) due to non-power-of-two dimensions: (58x58). This will be slower to load, and will look worse when zoomed out. Consider using a power-of-two texture size instead.
Texture BlueprintOverRockToggle.png is being reloaded with reduced mipmap count (clamped to 2) due to non-power-of-two dimensions: (24x24). This will be slower to load, and will look worse when zoomed out. Consider using a power-of-two texture size instead.
Texture Vent_Over2W_east.png is being reloaded with reduced mipmap count (clamped to 1) due to non-power-of-two dimensions: (539x267). This will be slower to load, and will look worse when zoomed out. Consider using a power-of-two texture size instead.
Texture Vent_Over2W_north.png is being reloaded with reduced mipmap count (clamped to 1) due to non-power-of-two dimensions: (267x535). This will be slower to load, and will look worse when zoomed out. Consider using a power-of-two texture size instead.
Texture Vent_Over2W_Off_east.png is being reloaded with reduced mipmap count (clamped to 1) due to non-power-of-two dimensions: (539x267). This will be slower to load, and will look worse when zoomed out. Consider using a power-of-two texture size instead.
Texture Vent_Over2W_Off_north.png is being reloaded with reduced mipmap count (clamped to 1) due to non-power-of-two dimensions: (267x535). This will be slower to load, and will look worse when zoomed out. Consider using a power-of-two texture size instead.
Texture 1x3.png is being reloaded with reduced mipmap count (clamped to 6) due to non-power-of-two dimensions: (128x384). This will be slower to load, and will look worse when zoomed out. Consider using a power-of-two texture size instead.
Texture 1x4.png is being reloaded with reduced mipmap count (clamped to 1) due to non-power-of-two dimensions: (128x511). This will be slower to load, and will look worse when zoomed out. Consider using a power-of-two texture size instead.
Texture 2x3.png is being reloaded with reduced mipmap count (clamped to 5) due to non-power-of-two dimensions: (128x192). This will be slower to load, and will look worse when zoomed out. Consider using a power-of-two texture size instead.
Texture 3x1.png is being reloaded with reduced mipmap count (clamped to 6) due to non-power-of-two dimensions: (384x128). This will be slower to load, and will look worse when zoomed out. Consider using a power-of-two texture size instead.
Texture 3x2.png is being reloaded with reduced mipmap count (clamped to 5) due to non-power-of-two dimensions: (192x128). This will be slower to load, and will look worse when zoomed out. Consider using a power-of-two texture size instead.
Texture 3x4.png is being reloaded with reduced mipmap count (clamped to 6) due to non-power-of-two dimensions: (384x512). This will be slower to load, and will look worse when zoomed out. Consider using a power-of-two texture size instead.
Texture 4x1.png is being reloaded with reduced mipmap count (clamped to 1) due to non-power-of-two dimensions: (511x128). This will be slower to load, and will look worse when zoomed out. Consider using a power-of-two texture size instead.
Texture 4x3.png is being reloaded with reduced mipmap count (clamped to 6) due to non-power-of-two dimensions: (512x384). This will be slower to load, and will look worse when zoomed out. Consider using a power-of-two texture size instead.
Texture FacehuggerInfectionOverlay.png is being reloaded with reduced mipmap count (clamped to 1) due to non-power-of-two dimensions: (300x300). This will be slower to load, and will look worse when zoomed out. Consider using a power-of-two texture size instead.
Texture BlastFlame.png is being reloaded with reduced mipmap count (clamped to 1) due to non-power-of-two dimensions: (75x75). This will be slower to load, and will look worse when zoomed out. Consider using a power-of-two texture size instead.
Texture MediCompButton.png is being reloaded with reduced mipmap count (clamped to 1) due to non-power-of-two dimensions: (75x75). This will be slower to load, and will look worse when zoomed out. Consider using a power-of-two texture size instead.
Texture CommandButton_BOOM.png is being reloaded with reduced mipmap count (clamped to 1) due to non-power-of-two dimensions: (75x75). This will be slower to load, and will look worse when zoomed out. Consider using a power-of-two texture size instead.
Texture CommandButton_CloakMode.png is being reloaded with reduced mipmap count (clamped to 1) due to non-power-of-two dimensions: (75x75). This will be slower to load, and will look worse when zoomed out. Consider using a power-of-two texture size instead.
Texture CommandButton_TendSelfA.png is being reloaded with reduced mipmap count (clamped to 1) due to non-power-of-two dimensions: (75x75). This will be slower to load, and will look worse when zoomed out. Consider using a power-of-two texture size instead.
Texture CommandButton_TendSelfB.png is being reloaded with reduced mipmap count (clamped to 1) due to non-power-of-two dimensions: (75x75). This will be slower to load, and will look worse when zoomed out. Consider using a power-of-two texture size instead.
Texture CommandButton_TendSelfC.png is being reloaded with reduced mipmap count (clamped to 1) due to non-power-of-two dimensions: (75x75). This will be slower to load, and will look worse when zoomed out. Consider using a power-of-two texture size instead.
Texture CommandButton_TurretModeOff.png is being reloaded with reduced mipmap count (clamped to 1) due to non-power-of-two dimensions: (75x75). This will be slower to load, and will look worse when zoomed out. Consider using a power-of-two texture size instead.
Texture CommandButton_TurretModeOn.png is being reloaded with reduced mipmap count (clamped to 1) due to non-power-of-two dimensions: (75x75). This will be slower to load, and will look worse when zoomed out. Consider using a power-of-two texture size instead.
Texture Throw_Combistaff1.png is being reloaded with reduced mipmap count (clamped to 1) due to non-power-of-two dimensions: (78x78). This will be slower to load, and will look worse when zoomed out. Consider using a power-of-two texture size instead.
Texture Throw_Combistaff2.png is being reloaded with reduced mipmap count (clamped to 1) due to non-power-of-two dimensions: (78x78). This will be slower to load, and will look worse when zoomed out. Consider using a power-of-two texture size instead.
Texture Icon_WY.png is being reloaded with reduced mipmap count (clamped to 2) due to non-power-of-two dimensions: (56x56). This will be slower to load, and will look worse when zoomed out. Consider using a power-of-two texture size instead.
Texture Weyland_storytailer_256x256.png is being reloaded with reduced mipmap count (clamped to 1) due to non-power-of-two dimensions: (250x269). This will be slower to load, and will look worse when zoomed out. Consider using a power-of-two texture size instead.
Texture TravelingUD4L.png is being reloaded with reduced mipmap count (clamped to 1) due to non-power-of-two dimensions: (500x500). This will be slower to load, and will look worse when zoomed out. Consider using a power-of-two texture size instead.
Texture WorldOBJUD4L.png is being reloaded with reduced mipmap count (clamped to 1) due to non-power-of-two dimensions: (45x45). This will be slower to load, and will look worse when zoomed out. Consider using a power-of-two texture size instead.
Texture Drone_rework.png is being reloaded with reduced mipmap count (clamped to 1) due to non-power-of-two dimensions: (643x512). This will be slower to load, and will look worse when zoomed out. Consider using a power-of-two texture size instead.
Texture Warrior_rework.png is being reloaded with reduced mipmap count (clamped to 1) due to non-power-of-two dimensions: (643x512). This will be slower to load, and will look worse when zoomed out. Consider using a power-of-two texture size instead.
Texture Xenomorph_FaceHuggerRoyal_Mask_east.png is being reloaded with reduced mipmap count (clamped to 5) due to non-power-of-two dimensions: (192x192). This will be slower to load, and will look worse when zoomed out. Consider using a power-of-two texture size instead.
Texture Xenomorph_FaceHuggerRoyal_Mask_Fat_east.png is being reloaded with reduced mipmap count (clamped to 5) due to non-power-of-two dimensions: (192x192). This will be slower to load, and will look worse when zoomed out. Consider using a power-of-two texture size instead.
Texture Xenomorph_FaceHuggerRoyal_Mask_Fat_north.png is being reloaded with reduced mipmap count (clamped to 5) due to non-power-of-two dimensions: (192x192). This will be slower to load, and will look worse when zoomed out. Consider using a power-of-two texture size instead.
Texture Xenomorph_FaceHuggerRoyal_Mask_Fat_south.png is being reloaded with reduced mipmap count (clamped to 5) due to non-power-of-two dimensions: (192x192). This will be slower to load, and will look worse when zoomed out. Consider using a power-of-two texture size instead.
Texture Xenomorph_FaceHuggerRoyal_Mask_Fat_west.png is being reloaded with reduced mipmap count (clamped to 5) due to non-power-of-two dimensions: (192x192). This will be slower to load, and will look worse when zoomed out. Consider using a power-of-two texture size instead.
Texture Xenomorph_FaceHuggerRoyal_Mask_Female_east.png is being reloaded with reduced mipmap count (clamped to 5) due to non-power-of-two dimensions: (192x192). This will be slower to load, and will look worse when zoomed out. Consider using a power-of-two texture size instead.
Texture Xenomorph_FaceHuggerRoyal_Mask_Female_north.png is being reloaded with reduced mipmap count (clamped to 5) due to non-power-of-two dimensions: (192x192). This will be slower to load, and will look worse when zoomed out. Consider using a power-of-two texture size instead.
Texture Xenomorph_FaceHuggerRoyal_Mask_Female_south.png is being reloaded with reduced mipmap count (clamped to 5) due to non-power-of-two dimensions: (192x192). This will be slower to load, and will look worse when zoomed out. Consider using a power-of-two texture size instead.
Texture Xenomorph_FaceHuggerRoyal_Mask_Female_west.png is being reloaded with reduced mipmap count (clamped to 5) due to non-power-of-two dimensions: (192x192). This will be slower to load, and will look worse when zoomed out. Consider using a power-of-two texture size instead.
Texture Xenomorph_FaceHuggerRoyal_Mask_Hulk_east.png is being reloaded with reduced mipmap count (clamped to 5) due to non-power-of-two dimensions: (192x192). This will be slower to load, and will look worse when zoomed out. Consider using a power-of-two texture size instead.
Texture Xenomorph_FaceHuggerRoyal_Mask_Hulk_north.png is being reloaded with reduced mipmap count (clamped to 5) due to non-power-of-two dimensions: (192x192). This will be slower to load, and will look worse when zoomed out. Consider using a power-of-two texture size instead.
Texture Xenomorph_FaceHuggerRoyal_Mask_Hulk_south.png is being reloaded with reduced mipmap count (clamped to 5) due to non-power-of-two dimensions: (192x192). This will be slower to load, and will look worse when zoomed out. Consider using a power-of-two texture size instead.
Texture Xenomorph_FaceHuggerRoyal_Mask_Hulk_west.png is being reloaded with reduced mipmap count (clamped to 5) due to non-power-of-two dimensions: (192x192). This will be slower to load, and will look worse when zoomed out. Consider using a power-of-two texture size instead.
Texture Xenomorph_FaceHuggerRoyal_Mask_Male_east.png is being reloaded with reduced mipmap count (clamped to 5) due to non-power-of-two dimensions: (192x192). This will be slower to load, and will look worse when zoomed out. Consider using a power-of-two texture size instead.
Texture Xenomorph_FaceHuggerRoyal_Mask_Male_north.png is being reloaded with reduced mipmap count (clamped to 5) due to non-power-of-two dimensions: (192x192). This will be slower to load, and will look worse when zoomed out. Consider using a power-of-two texture size instead.
Texture Xenomorph_FaceHuggerRoyal_Mask_Male_south.png is being reloaded with reduced mipmap count (clamped to 5) due to non-power-of-two dimensions: (192x192). This will be slower to load, and will look worse when zoomed out. Consider using a power-of-two texture size instead.
Texture Xenomorph_FaceHuggerRoyal_Mask_Male_west.png is being reloaded with reduced mipmap count (clamped to 5) due to non-power-of-two dimensions: (192x192). This will be slower to load, and will look worse when zoomed out. Consider using a power-of-two texture size instead.
Texture Xenomorph_FaceHuggerRoyal_Mask_north.png is being reloaded with reduced mipmap count (clamped to 5) due to non-power-of-two dimensions: (192x192). This will be slower to load, and will look worse when zoomed out. Consider using a power-of-two texture size instead.
Texture Xenomorph_FaceHuggerRoyal_Mask_south.png is being reloaded with reduced mipmap count (clamped to 5) due to non-power-of-two dimensions: (192x192). This will be slower to load, and will look worse when zoomed out. Consider using a power-of-two texture size instead.
Texture Xenomorph_FaceHuggerRoyal_Mask_Thin_east.png is being reloaded with reduced mipmap count (clamped to 5) due to non-power-of-two dimensions: (192x192). This will be slower to load, and will look worse when zoomed out. Consider using a power-of-two texture size instead.
Texture Xenomorph_FaceHuggerRoyal_Mask_Thin_north.png is being reloaded with reduced mipmap count (clamped to 5) due to non-power-of-two dimensions: (192x192). This will be slower to load, and will look worse when zoomed out. Consider using a power-of-two texture size instead.
Texture Xenomorph_FaceHuggerRoyal_Mask_Thin_south.png is being reloaded with reduced mipmap count (clamped to 5) due to non-power-of-two dimensions: (192x192). This will be slower to load, and will look worse when zoomed out. Consider using a power-of-two texture size instead.
Texture Xenomorph_FaceHuggerRoyal_Mask_Thin_west.png is being reloaded with reduced mipmap count (clamped to 5) due to non-power-of-two dimensions: (192x192). This will be slower to load, and will look worse when zoomed out. Consider using a power-of-two texture size instead.
Texture Xenomorph_FaceHuggerRoyal_Mask_west.png is being reloaded with reduced mipmap count (clamped to 5) due to non-power-of-two dimensions: (192x192). This will be slower to load, and will look worse when zoomed out. Consider using a power-of-two texture size instead.
Texture Xenomorph_FaceHugger_Corpse.png is being reloaded with reduced mipmap count (clamped to 5) due to non-power-of-two dimensions: (192x192). This will be slower to load, and will look worse when zoomed out. Consider using a power-of-two texture size instead.
Texture Xenomorph_FaceHugger_Mask_east.png is being reloaded with reduced mipmap count (clamped to 5) due to non-power-of-two dimensions: (192x192). This will be slower to load, and will look worse when zoomed out. Consider using a power-of-two texture size instead.
Texture Xenomorph_FaceHugger_Mask_Fat_east.png is being reloaded with reduced mipmap count (clamped to 5) due to non-power-of-two dimensions: (192x192). This will be slower to load, and will look worse when zoomed out. Consider using a power-of-two texture size instead.
Texture Xenomorph_FaceHugger_Mask_Fat_north.png is being reloaded with reduced mipmap count (clamped to 5) due to non-power-of-two dimensions: (192x192). This will be slower to load, and will look worse when zoomed out. Consider using a power-of-two texture size instead.
Texture Xenomorph_FaceHugger_Mask_Fat_south.png is being reloaded with reduced mipmap count (clamped to 5) due to non-power-of-two dimensions: (192x192). This will be slower to load, and will look worse when zoomed out. Consider using a power-of-two texture size instead.
Texture Xenomorph_FaceHugger_Mask_Fat_west.png is being reloaded with reduced mipmap count (clamped to 5) due to non-power-of-two dimensions: (192x192). This will be slower to load, and will look worse when zoomed out. Consider using a power-of-two texture size instead.
Texture Xenomorph_FaceHugger_Mask_Female_east.png is being reloaded with reduced mipmap count (clamped to 5) due to non-power-of-two dimensions: (192x192). This will be slower to load, and will look worse when zoomed out. Consider using a power-of-two texture size instead.
Texture Xenomorph_FaceHugger_Mask_Female_north.png is being reloaded with reduced mipmap count (clamped to 5) due to non-power-of-two dimensions: (192x192). This will be slower to load, and will look worse when zoomed out. Consider using a power-of-two texture size instead.
Texture Xenomorph_FaceHugger_Mask_Female_south.png is being reloaded with reduced mipmap count (clamped to 5) due to non-power-of-two dimensions: (192x192). This will be slower to load, and will look worse when zoomed out. Consider using a power-of-two texture size instead.
Texture Xenomorph_FaceHugger_Mask_Female_west.png is being reloaded with reduced mipmap count (clamped to 5) due to non-power-of-two dimensions: (192x192). This will be slower to load, and will look worse when zoomed out. Consider using a power-of-two texture size instead.
Texture Xenomorph_FaceHugger_Mask_Hulk_east.png is being reloaded with reduced mipmap count (clamped to 5) due to non-power-of-two dimensions: (192x192). This will be slower to load, and will look worse when zoomed out. Consider using a power-of-two texture size instead.
Texture Xenomorph_FaceHugger_Mask_Hulk_north.png is being reloaded with reduced mipmap count (clamped to 5) due to non-power-of-two dimensions: (192x192). This will be slower to load, and will look worse when zoomed out. Consider using a power-of-two texture size instead.
Texture Xenomorph_FaceHugger_Mask_Hulk_south.png is being reloaded with reduced mipmap count (clamped to 5) due to non-power-of-two dimensions: (192x192). This will be slower to load, and will look worse when zoomed out. Consider using a power-of-two texture size instead.
Texture Xenomorph_FaceHugger_Mask_Hulk_west.png is being reloaded with reduced mipmap count (clamped to 5) due to non-power-of-two dimensions: (192x192). This will be slower to load, and will look worse when zoomed out. Consider using a power-of-two texture size instead.
Texture Xenomorph_FaceHugger_Mask_Male_east.png is being reloaded with reduced mipmap count (clamped to 5) due to non-power-of-two dimensions: (192x192). This will be slower to load, and will look worse when zoomed out. Consider using a power-of-two texture size instead.
Texture Xenomorph_FaceHugger_Mask_Male_north.png is being reloaded with reduced mipmap count (clamped to 5) due to non-power-of-two dimensions: (192x192). This will be slower to load, and will look worse when zoomed out. Consider using a power-of-two texture size instead.
Texture Xenomorph_FaceHugger_Mask_Male_south.png is being reloaded with reduced mipmap count (clamped to 5) due to non-power-of-two dimensions: (192x192). This will be slower to load, and will look worse when zoomed out. Consider using a power-of-two texture size instead.
Texture Xenomorph_FaceHugger_Mask_Male_west.png is being reloaded with reduced mipmap count (clamped to 5) due to non-power-of-two dimensions: (192x192). This will be slower to load, and will look worse when zoomed out. Consider using a power-of-two texture size instead.
Texture Xenomorph_FaceHugger_Mask_north.png is being reloaded with reduced mipmap count (clamped to 5) due to non-power-of-two dimensions: (192x192). This will be slower to load, and will look worse when zoomed out. Consider using a power-of-two texture size instead.
Texture Xenomorph_FaceHugger_Mask_south.png is being reloaded with reduced mipmap count (clamped to 5) due to non-power-of-two dimensions: (192x192). This will be slower to load, and will look worse when zoomed out. Consider using a power-of-two texture size instead.
Texture Xenomorph_FaceHugger_Mask_Thin_east.png is being reloaded with reduced mipmap count (clamped to 5) due to non-power-of-two dimensions: (192x192). This will be slower to load, and will look worse when zoomed out. Consider using a power-of-two texture size instead.
Texture Xenomorph_FaceHugger_Mask_Thin_north.png is being reloaded with reduced mipmap count (clamped to 5) due to non-power-of-two dimensions: (192x192). This will be slower to load, and will look worse when zoomed out. Consider using a power-of-two texture size instead.
Texture Xenomorph_FaceHugger_Mask_Thin_south.png is being reloaded with reduced mipmap count (clamped to 5) due to non-power-of-two dimensions: (192x192). This will be slower to load, and will look worse when zoomed out. Consider using a power-of-two texture size instead.
Texture Xenomorph_FaceHugger_Mask_Thin_west.png is being reloaded with reduced mipmap count (clamped to 5) due to non-power-of-two dimensions: (192x192). This will be slower to load, and will look worse when zoomed out. Consider using a power-of-two texture size instead.
Texture Xenomorph_FaceHugger_Mask_west.png is being reloaded with reduced mipmap count (clamped to 5) due to non-power-of-two dimensions: (192x192). This will be slower to load, and will look worse when zoomed out. Consider using a power-of-two texture size instead.
Texture XenoResinWall_Atlas.png is being reloaded with reduced mipmap count (clamped to 5) due to non-power-of-two dimensions: (320x320). This will be slower to load, and will look worse when zoomed out. Consider using a power-of-two texture size instead.
Texture Rhynth_Pack_east.png is being reloaded with reduced mipmap count (clamped to 2) due to non-power-of-two dimensions: (600x600). This will be slower to load, and will look worse when zoomed out. Consider using a power-of-two texture size instead.
Texture Rhynth_Pack_north.png is being reloaded with reduced mipmap count (clamped to 2) due to non-power-of-two dimensions: (600x600). This will be slower to load, and will look worse when zoomed out. Consider using a power-of-two texture size instead.
Texture Rhynth_Pack_south.png is being reloaded with reduced mipmap count (clamped to 2) due to non-power-of-two dimensions: (600x600). This will be slower to load, and will look worse when zoomed out. Consider using a power-of-two texture size instead.
Texture LanderOne.png is being reloaded with reduced mipmap count (clamped to 1) due to non-power-of-two dimensions: (1223x634). This will be slower to load, and will look worse when zoomed out. Consider using a power-of-two texture size instead.
--- Main thread ---
 6255.240ms (self: 167.387 ms) ExecuteToExecuteWhenFinished()
 - 3717.585ms (59%) (self: 1622.447 ms) Verse.LoadedModManager+<>c -> Void <LoadModContent>b__13_0()
 - - 2021.194ms (54%) (self: 0.288 ms) 13x Reload textures
 - - - 1333.586ms (66%) (self: 1333.586 ms) Loading assets of type UnityEngine.Texture2D for mod zal.covetheus.nohar
 - - - 606.738ms (30%) (self: 606.738 ms) Loading assets of type UnityEngine.Texture2D for mod Ogliss.AVPXenomorphs
 - - - 65.450ms (3.2%) (self: 65.450 ms) Loading assets of type UnityEngine.Texture2D for mod Memegoddess.ReplaceStuff
 - - - 7.035ms (0.35%) (self: 7.035 ms) Loading assets of type UnityEngine.Texture2D for mod UnlimitedHugs.AllowTool
 - - - 6.026ms (0.3%) (self: 6.026 ms) Loading assets of type UnityEngine.Texture2D for mod ilyvion.LoadingProgress
 - - - 1.687ms (0.08%) (self: 1.687 ms) Loading assets of type UnityEngine.Texture2D for mod UnlimitedHugs.HugsLib
 - - - 0.099ms (0%) (self: 0.099 ms) Loading assets of type UnityEngine.Texture2D for mod brrainz.harmony
 - - - 0.054ms (0%) (self: 0.054 ms) Loading assets of type UnityEngine.Texture2D for mod Ludeon.RimWorld.Biotech
 - - - 0.051ms (0%) (self: 0.051 ms) Loading assets of type UnityEngine.Texture2D for mod Ludeon.RimWorld.Anomaly
 - - - 0.049ms (0%) (self: 0.049 ms) Loading assets of type UnityEngine.Texture2D for mod Ludeon.RimWorld.Royalty
 - - - 0.046ms (0%) (self: 0.046 ms) Loading assets of type UnityEngine.Texture2D for mod Ludeon.RimWorld.Odyssey
 - - - 0.044ms (0%) (self: 0.044 ms) Loading assets of type UnityEngine.Texture2D for mod Ludeon.RimWorld.Ideology
 - - - 0.041ms (0%) (self: 0.041 ms) Loading assets of type UnityEngine.Texture2D for mod Ludeon.RimWorld
 - - 54.690ms (1.5%) (self: 1.603 ms) 13x Reload audio clips
 - - - 37.293ms (68%) (self: 37.293 ms) Loading assets of type UnityEngine.AudioClip for mod zal.covetheus.nohar
 - - - 7.574ms (14%) (self: 7.574 ms) Loading assets of type UnityEngine.AudioClip for mod UnlimitedHugs.AllowTool
 - - - 7.195ms (13%) (self: 7.195 ms) Loading assets of type UnityEngine.AudioClip for mod Ogliss.AVPXenomorphs
 - - - 0.470ms (0.86%) (self: 0.470 ms) Loading assets of type UnityEngine.AudioClip for mod brrainz.harmony
 - - - 0.131ms (0.24%) (self: 0.131 ms) Loading assets of type UnityEngine.AudioClip for mod Memegoddess.ReplaceStuff
 - - - 0.068ms (0.12%) (self: 0.068 ms) Loading assets of type UnityEngine.AudioClip for mod UnlimitedHugs.HugsLib
 - - - 0.060ms (0.11%) (self: 0.060 ms) Loading assets of type UnityEngine.AudioClip for mod ilyvion.LoadingProgress
 - - - 0.059ms (0.11%) (self: 0.059 ms) Loading assets of type UnityEngine.AudioClip for mod Ludeon.RimWorld.Biotech
 - - - 0.055ms (0.1%) (self: 0.055 ms) Loading assets of type UnityEngine.AudioClip for mod Ludeon.RimWorld.Odyssey
 - - - 0.049ms (0.09%) (self: 0.049 ms) Loading assets of type UnityEngine.AudioClip for mod Ludeon.RimWorld.Anomaly
 - - - 0.049ms (0.09%) (self: 0.049 ms) Loading assets of type UnityEngine.AudioClip for mod Ludeon.RimWorld.Royalty
 - - - 0.045ms (0.08%) (self: 0.045 ms) Loading assets of type UnityEngine.AudioClip for mod Ludeon.RimWorld.Ideology
 - - - 0.041ms (0.08%) (self: 0.041 ms) Loading assets of type UnityEngine.AudioClip for mod Ludeon.RimWorld
 - - 17.442ms (0.47%) (self: 17.442 ms) 13x Reload asset bundles
 - - 1.190ms (0.03%) (self: 0.314 ms) 13x Reload strings
 - - - 0.138ms (12%) (self: 0.138 ms) Loading assets of type System.String for mod brrainz.harmony
 - - - 0.134ms (11%) (self: 0.134 ms) Loading assets of type System.String for mod Memegoddess.ReplaceStuff
 - - - 0.075ms (6.3%) (self: 0.075 ms) Loading assets of type System.String for mod zal.covetheus.nohar
 - - - 0.071ms (6%) (self: 0.071 ms) Loading assets of type System.String for mod Ogliss.AVPXenomorphs
 - - - 0.061ms (5.1%) (self: 0.061 ms) Loading assets of type System.String for mod UnlimitedHugs.HugsLib
 - - - 0.060ms (5.1%) (self: 0.060 ms) Loading assets of type System.String for mod ilyvion.LoadingProgress
 - - - 0.058ms (4.9%) (self: 0.058 ms) Loading assets of type System.String for mod UnlimitedHugs.AllowTool
 - - - 0.054ms (4.6%) (self: 0.054 ms) Loading assets of type System.String for mod Ludeon.RimWorld.Biotech
 - - - 0.050ms (4.2%) (self: 0.050 ms) Loading assets of type System.String for mod Ludeon.RimWorld.Royalty
 - - - 0.048ms (4.1%) (self: 0.048 ms) Loading assets of type System.String for mod Ludeon.RimWorld.Anomaly
 - - - 0.048ms (4%) (self: 0.048 ms) Loading assets of type System.String for mod Ludeon.RimWorld.Odyssey
 - - - 0.039ms (3.3%) (self: 0.039 ms) Loading assets of type System.String for mod Ludeon.RimWorld
 - - - 0.038ms (3.2%) (self: 0.038 ms) Loading assets of type System.String for mod Ludeon.RimWorld.Ideology
 - - 0.345ms (0.01%) (self: 0.345 ms) Verse.LoadedModManager+<>c -> Void <LoadModContent>b__13_1()
 - - 0.279ms (0.01%) (self: 0.279 ms) LoadModContent
 - 1271.630ms (20%) (self: 1271.630 ms) 1270x Verse.Sound.SubSoundDef -> Void <ResolveReferences>b__37_0()
 - 645.676ms (10%) (self: 645.676 ms) 2547x Verse.ThingDef -> Void <PostLoad>b__398_0()
 - 108.789ms (1.7%) (self: 108.789 ms) 3886x Verse.BuildableDef -> Void <PostLoad>b__78_0()
 - 95.758ms (1.5%) (self: 95.758 ms) 384x Verse.TerrainDef -> Void <PostLoad>b__118_0()
 - 90.076ms (1.4%) (self: 0.117 ms) Verse.PlayDataLoader+<>c -> Void <DoPlayLoad>b__4_2()
 - - 89.960ms (100%) (self: 89.960 ms) Load all bios
 - 42.509ms (0.68%) (self: 42.509 ms) 123x Verse.ThingStyleDef -> Void <PostLoad>b__20_0()
 - 19.995ms (0.32%) (self: 19.995 ms) 16x Verse.DesignationCategoryDef -> Void <ResolveReferences>b__23_0()
 - 14.208ms (0.23%) (self: 14.208 ms) 272x Verse.ShaderParameter+<>c__DisplayClass7_0 -> Void <LoadDataFromXmlCustom>b__0()
 - 10.037ms (0.16%) (self: 10.037 ms) 92x RimWorld.AbilityDef -> Void <PostLoad>b__88_0()
 - 9.612ms (0.15%) (self: 9.612 ms) 33x RimWorld.PlantProperties+<>c__DisplayClass111_0 -> Void <PostLoadSpecial>b__1()
 - 7.101ms (0.11%) (self: 7.101 ms) 22x RimWorld.PlantProperties+<>c__DisplayClass111_0 -> Void <PostLoadSpecial>b__0()
 - 7.056ms (0.11%) (self: 7.056 ms) 14x RimWorld.PlantProperties+<>c__DisplayClass111_0 -> Void <PostLoadSpecial>b__4()
 - 5.556ms (0.09%) (self: 5.556 ms) 27x RimWorld.EntityCodexEntryDef -> Void <PostLoad>b__21_0()
 - 4.327ms (0.07%) (self: 4.327 ms) 14x RimWorld.PlantProperties+<>c__DisplayClass111_0 -> Void <PostLoadSpecial>b__6()
 - 4.013ms (0.06%) (self: 4.013 ms) 77x Verse.SongDef -> Void <ResolveReferences>b__10_0()
 - 3.964ms (0.06%) (self: 3.964 ms) 13x RimWorld.PlantProperties+<>c__DisplayClass111_0 -> Void <PostLoadSpecial>b__5()
 - 3.655ms (0.06%) (self: 3.655 ms) 407x Verse.DamageGraphicData -> Void <ResolveReferencesSpecial>b__24_0()
 - 3.445ms (0.06%) (self: 3.445 ms) 8x RimWorld.PlantProperties+<>c__DisplayClass111_0 -> Void <PostLoadSpecial>b__2()
 - 3.155ms (0.05%) (self: 0.266 ms) Verse.PlayDataLoader+<>c -> Void <DoPlayLoad>b__4_3()
 - - 2.889ms (92%) (self: 2.889 ms) Inject selected language data into game data.
 - 2.640ms (0.04%) (self: 2.565 ms) HugsLib.News.UpdateFeatureManager+<>c__DisplayClass13_0 -> Void <OnEarlyInitialize>g__ResolveAndInjectNewsDefs|0()
 - - 0.059ms (2.2%) (self: 0.037 ms) 10x RecursiveNodeCopyOverwriteElements
 - - - 0.022ms (37%) (self: 0.018 ms) 9x RecursiveNodeCopyOverwriteElements
 - - - - 0.004ms (18%) (self: 0.004 ms) 9x RecursiveNodeCopyOverwriteElements - Remove all current nodes
 - - 0.017ms (0.62%) (self: 0.017 ms) 10x TryDoPostLoad
 - 2.424ms (0.04%) (self: 2.424 ms) 30x Verse.DesignationDef -> Void <ResolveReferences>b__6_0()
 - 2.250ms (0.04%) (self: 2.250 ms) 7x RimWorld.PlantProperties+<>c__DisplayClass111_0 -> Void <PostLoadSpecial>b__3()
 - 1.576ms (0.03%) (self: 1.576 ms) 301x Verse.PawnKindDef -> Void <PostLoad>b__154_0()
 - 1.505ms (0.02%) (self: 1.505 ms) 14x RimWorld.PsychicRitualDef -> Void <PostLoad>b__16_0()
 - 1.204ms (0.02%) (self: 1.204 ms) HugsLib.HugsLibController+<>c -> Void <CreateSceneObject>b__28_0()
 - 1.178ms (0.02%) (self: 1.178 ms) 20x Verse.ThingCategoryDef -> Void <PostLoad>b__24_0()
 - 1.103ms (0.02%) (self: 1.103 ms) 4x RimWorld.StorytellerDef -> Void <ResolveReferences>b__22_0()
 - 1.014ms (0.02%) (self: 1.014 ms) 9x Verse.ScatterableDef -> Void <PostLoad>b__7_0()
 - 0.867ms (0.01%) (self: 0.867 ms) 12x Verse.LoadedLanguage+<>c__DisplayClass42_0 -> Void <LoadData>b__0()
 - 0.864ms (0.01%) (self: 0.864 ms) 7x RimWorld.MonolithLevelDef -> Void <PostLoad>b__40_0()
 - 0.473ms (0.01%) (self: 0.473 ms) 4x Verse.MechWorkModeDef -> Void <PostLoad>b__8_0()
 - 0.451ms (0.01%) (self: 0.451 ms) 2x Verse.LogEntryDef -> Void <PostLoad>b__6_0()
 - 0.423ms (0.01%) (self: 0.423 ms) RimWorld.MedicalCareUtility+<>c -> Void <Reset>b__3_0()
 - 0.408ms (0.01%) (self: 0.408 ms) 9x Verse.ScatterableDef -> Void <PostLoad>b__7_1()
 - 0.406ms (0.01%) (self: 0.406 ms) 6x Verse.DrawStyleDef -> Void <PostLoad>b__9_0()
 - 0.264ms (0%) (self: 0.264 ms) 2x RimWorld.KnowledgeCategoryDef -> Void <PostLoad>b__7_0()
 - 0.235ms (0%) (self: 0.235 ms) 12x RimWorld.BuildingProperties -> Void <ResolveReferencesSpecial>b__217_0()
 - 0.142ms (0%) (self: 0.142 ms) RimWorld.BuildingProperties -> Void <ResolveReferencesSpecial>b__217_1()
 - 0.111ms (0%) (self: 0.111 ms) HugsLib.Logs.LogWindowExtensions+<>c -> Void <PrepareReflection>b__12_0()
 - 0.093ms (0%) (self: 0.093 ms) 2x AllowTool.Patches.Command_GizmoOnGUI_Patch+<>c -> Void <PrePatch>b__1_0()
 - 0.073ms (0%) (self: 0.073 ms) 2x HugsLib.Patches.DebugWindowsOpener_Patch+<>c -> Void <Prepare>b__1_0()


Hotspot analysis
----------------------------------------
1x Verse.LoadedModManager+<>c -> Void <LoadModContent>b__13_0() -> 1622.447 ms (total (w/children): 3717.585 ms)
1x Loading assets of type UnityEngine.Texture2D for mod zal.covetheus.nohar -> 1333.586 ms (total (w/children): 1333.586 ms)
1270x Verse.Sound.SubSoundDef -> Void <ResolveReferences>b__37_0() -> 1271.630 ms (total (w/children): 1271.630 ms)
2547x Verse.ThingDef -> Void <PostLoad>b__398_0() -> 645.676 ms (total (w/children): 645.676 ms)
1x Loading assets of type UnityEngine.Texture2D for mod Ogliss.AVPXenomorphs -> 606.738 ms (total (w/children): 606.738 ms)
1x ExecuteToExecuteWhenFinished() -> 167.387 ms (total (w/children): 6255.240 ms)
3886x Verse.BuildableDef -> Void <PostLoad>b__78_0() -> 108.789 ms (total (w/children): 108.789 ms)
384x Verse.TerrainDef -> Void <PostLoad>b__118_0() -> 95.758 ms (total (w/children): 95.758 ms)
1x Load all bios -> 89.960 ms (total (w/children): 89.960 ms)
1x Loading assets of type UnityEngine.Texture2D for mod Memegoddess.ReplaceStuff -> 65.450 ms (total (w/children): 65.450 ms)
123x Verse.ThingStyleDef -> Void <PostLoad>b__20_0() -> 42.509 ms (total (w/children): 42.509 ms)
1x Loading assets of type UnityEngine.AudioClip for mod zal.covetheus.nohar -> 37.293 ms (total (w/children): 37.293 ms)
16x Verse.DesignationCategoryDef -> Void <ResolveReferences>b__23_0() -> 19.995 ms (total (w/children): 19.995 ms)
13x Reload asset bundles -> 17.442 ms (total (w/children): 17.442 ms)
272x Verse.ShaderParameter+<>c__DisplayClass7_0 -> Void <LoadDataFromXmlCustom>b__0() -> 14.208 ms (total (w/children): 14.208 ms)
92x RimWorld.AbilityDef -> Void <PostLoad>b__88_0() -> 10.037 ms (total (w/children): 10.037 ms)
33x RimWorld.PlantProperties+<>c__DisplayClass111_0 -> Void <PostLoadSpecial>b__1() -> 9.612 ms (total (w/children): 9.612 ms)
1x Loading assets of type UnityEngine.AudioClip for mod UnlimitedHugs.AllowTool -> 7.574 ms (total (w/children): 7.574 ms)
1x Loading assets of type UnityEngine.AudioClip for mod Ogliss.AVPXenomorphs -> 7.195 ms (total (w/children): 7.195 ms)
22x RimWorld.PlantProperties+<>c__DisplayClass111_0 -> Void <PostLoadSpecial>b__0() -> 7.101 ms (total (w/children): 7.101 ms)
14x RimWorld.PlantProperties+<>c__DisplayClass111_0 -> Void <PostLoadSpecial>b__4() -> 7.056 ms (total (w/children): 7.056 ms)
1x Loading assets of type UnityEngine.Texture2D for mod UnlimitedHugs.AllowTool -> 7.035 ms (total (w/children): 7.035 ms)
1x Loading assets of type UnityEngine.Texture2D for mod ilyvion.LoadingProgress -> 6.026 ms (total (w/children): 6.026 ms)
27x RimWorld.EntityCodexEntryDef -> Void <PostLoad>b__21_0() -> 5.556 ms (total (w/children): 5.556 ms)
14x RimWorld.PlantProperties+<>c__DisplayClass111_0 -> Void <PostLoadSpecial>b__6() -> 4.327 ms (total (w/children): 4.327 ms)
77x Verse.SongDef -> Void <ResolveReferences>b__10_0() -> 4.013 ms (total (w/children): 4.013 ms)
13x RimWorld.PlantProperties+<>c__DisplayClass111_0 -> Void <PostLoadSpecial>b__5() -> 3.964 ms (total (w/children): 3.964 ms)
407x Verse.DamageGraphicData -> Void <ResolveReferencesSpecial>b__24_0() -> 3.655 ms (total (w/children): 3.655 ms)
8x RimWorld.PlantProperties+<>c__DisplayClass111_0 -> Void <PostLoadSpecial>b__2() -> 3.445 ms (total (w/children): 3.445 ms)
1x Inject selected language data into game data. -> 2.889 ms (total (w/children): 2.889 ms)
1x HugsLib.News.UpdateFeatureManager+<>c__DisplayClass13_0 -> Void <OnEarlyInitialize>g__ResolveAndInjectNewsDefs|0() -> 2.565 ms (total (w/children): 2.640 ms)
30x Verse.DesignationDef -> Void <ResolveReferences>b__6_0() -> 2.424 ms (total (w/children): 2.424 ms)
7x RimWorld.PlantProperties+<>c__DisplayClass111_0 -> Void <PostLoadSpecial>b__3() -> 2.250 ms (total (w/children): 2.250 ms)
1x Loading assets of type UnityEngine.Texture2D for mod UnlimitedHugs.HugsLib -> 1.687 ms (total (w/children): 1.687 ms)
13x Reload audio clips -> 1.603 ms (total (w/children): 54.690 ms)
301x Verse.PawnKindDef -> Void <PostLoad>b__154_0() -> 1.576 ms (total (w/children): 1.576 ms)
14x RimWorld.PsychicRitualDef -> Void <PostLoad>b__16_0() -> 1.505 ms (total (w/children): 1.505 ms)
1x HugsLib.HugsLibController+<>c -> Void <CreateSceneObject>b__28_0() -> 1.204 ms (total (w/children): 1.204 ms)
20x Verse.ThingCategoryDef -> Void <PostLoad>b__24_0() -> 1.178 ms (total (w/children): 1.178 ms)
4x RimWorld.StorytellerDef -> Void <ResolveReferences>b__22_0() -> 1.103 ms (total (w/children): 1.103 ms)
9x Verse.ScatterableDef -> Void <PostLoad>b__7_0() -> 1.014 ms (total (w/children): 1.014 ms)
12x Verse.LoadedLanguage+<>c__DisplayClass42_0 -> Void <LoadData>b__0() -> 0.867 ms (total (w/children): 0.867 ms)
7x RimWorld.MonolithLevelDef -> Void <PostLoad>b__40_0() -> 0.864 ms (total (w/children): 0.864 ms)
4x Verse.MechWorkModeDef -> Void <PostLoad>b__8_0() -> 0.473 ms (total (w/children): 0.473 ms)
1x Loading assets of type UnityEngine.AudioClip for mod brrainz.harmony -> 0.470 ms (total (w/children): 0.470 ms)
2x Verse.LogEntryDef -> Void <PostLoad>b__6_0() -> 0.451 ms (total (w/children): 0.451 ms)
1x RimWorld.MedicalCareUtility+<>c -> Void <Reset>b__3_0() -> 0.423 ms (total (w/children): 0.423 ms)
9x Verse.ScatterableDef -> Void <PostLoad>b__7_1() -> 0.408 ms (total (w/children): 0.408 ms)
6x Verse.DrawStyleDef -> Void <PostLoad>b__9_0() -> 0.406 ms (total (w/children): 0.406 ms)
1x Verse.LoadedModManager+<>c -> Void <LoadModContent>b__13_1() -> 0.345 ms (total (w/children): 0.345 ms)
13x Reload strings -> 0.314 ms (total (w/children): 1.190 ms)
13x Reload textures -> 0.288 ms (total (w/children): 2021.194 ms)
1x LoadModContent -> 0.279 ms (total (w/children): 0.279 ms)
1x Verse.PlayDataLoader+<>c -> Void <DoPlayLoad>b__4_3() -> 0.266 ms (total (w/children): 3.155 ms)
2x RimWorld.KnowledgeCategoryDef -> Void <PostLoad>b__7_0() -> 0.264 ms (total (w/children): 0.264 ms)
12x RimWorld.BuildingProperties -> Void <ResolveReferencesSpecial>b__217_0() -> 0.235 ms (total (w/children): 0.235 ms)
1x RimWorld.BuildingProperties -> Void <ResolveReferencesSpecial>b__217_1() -> 0.142 ms (total (w/children): 0.142 ms)
1x Loading assets of type System.String for mod brrainz.harmony -> 0.138 ms (total (w/children): 0.138 ms)
1x Loading assets of type System.String for mod Memegoddess.ReplaceStuff -> 0.134 ms (total (w/children): 0.134 ms)
1x Loading assets of type UnityEngine.AudioClip for mod Memegoddess.ReplaceStuff -> 0.131 ms (total (w/children): 0.131 ms)
1x Verse.PlayDataLoader+<>c -> Void <DoPlayLoad>b__4_2() -> 0.117 ms (total (w/children): 90.076 ms)
1x HugsLib.Logs.LogWindowExtensions+<>c -> Void <PrepareReflection>b__12_0() -> 0.111 ms (total (w/children): 0.111 ms)
1x Loading assets of type UnityEngine.Texture2D for mod brrainz.harmony -> 0.099 ms (total (w/children): 0.099 ms)
2x AllowTool.Patches.Command_GizmoOnGUI_Patch+<>c -> Void <PrePatch>b__1_0() -> 0.093 ms (total (w/children): 0.093 ms)
1x Loading assets of type System.String for mod zal.covetheus.nohar -> 0.075 ms (total (w/children): 0.075 ms)
2x HugsLib.Patches.DebugWindowsOpener_Patch+<>c -> Void <Prepare>b__1_0() -> 0.073 ms (total (w/children): 0.073 ms)
1x Loading assets of type System.String for mod Ogliss.AVPXenomorphs -> 0.071 ms (total (w/children): 0.071 ms)
1x Loading assets of type UnityEngine.AudioClip for mod UnlimitedHugs.HugsLib -> 0.068 ms (total (w/children): 0.068 ms)
1x Loading assets of type System.String for mod UnlimitedHugs.HugsLib -> 0.061 ms (total (w/children): 0.061 ms)
1x Loading assets of type System.String for mod ilyvion.LoadingProgress -> 0.060 ms (total (w/children): 0.060 ms)
1x Loading assets of type UnityEngine.AudioClip for mod ilyvion.LoadingProgress -> 0.060 ms (total (w/children): 0.060 ms)
1x Loading assets of type UnityEngine.AudioClip for mod Ludeon.RimWorld.Biotech -> 0.059 ms (total (w/children): 0.059 ms)
1x Loading assets of type System.String for mod UnlimitedHugs.AllowTool -> 0.058 ms (total (w/children): 0.058 ms)
1x Loading assets of type UnityEngine.AudioClip for mod Ludeon.RimWorld.Odyssey -> 0.055 ms (total (w/children): 0.055 ms)
19x RecursiveNodeCopyOverwriteElements -> 0.055 ms (total (w/children): 0.081 ms)
1x Loading assets of type System.String for mod Ludeon.RimWorld.Biotech -> 0.054 ms (total (w/children): 0.054 ms)
1x Loading assets of type UnityEngine.Texture2D for mod Ludeon.RimWorld.Biotech -> 0.054 ms (total (w/children): 0.054 ms)
1x Loading assets of type UnityEngine.Texture2D for mod Ludeon.RimWorld.Anomaly -> 0.051 ms (total (w/children): 0.051 ms)
1x Loading assets of type System.String for mod Ludeon.RimWorld.Royalty -> 0.050 ms (total (w/children): 0.050 ms)
1x Loading assets of type UnityEngine.AudioClip for mod Ludeon.RimWorld.Anomaly -> 0.049 ms (total (w/children): 0.049 ms)
1x Loading assets of type UnityEngine.Texture2D for mod Ludeon.RimWorld.Royalty -> 0.049 ms (total (w/children): 0.049 ms)
1x Loading assets of type UnityEngine.AudioClip for mod Ludeon.RimWorld.Royalty -> 0.049 ms (total (w/children): 0.049 ms)
1x Loading assets of type System.String for mod Ludeon.RimWorld.Anomaly -> 0.048 ms (total (w/children): 0.048 ms)
1x Loading assets of type System.String for mod Ludeon.RimWorld.Odyssey -> 0.048 ms (total (w/children): 0.048 ms)
1x Loading assets of type UnityEngine.Texture2D for mod Ludeon.RimWorld.Odyssey -> 0.046 ms (total (w/children): 0.046 ms)
1x Loading assets of type UnityEngine.AudioClip for mod Ludeon.RimWorld.Ideology -> 0.045 ms (total (w/children): 0.045 ms)
1x Loading assets of type UnityEngine.Texture2D for mod Ludeon.RimWorld.Ideology -> 0.044 ms (total (w/children): 0.044 ms)
1x Loading assets of type UnityEngine.AudioClip for mod Ludeon.RimWorld -> 0.041 ms (total (w/children): 0.041 ms)
1x Loading assets of type UnityEngine.Texture2D for mod Ludeon.RimWorld -> 0.041 ms (total (w/children): 0.041 ms)
1x Loading assets of type System.String for mod Ludeon.RimWorld -> 0.039 ms (total (w/children): 0.039 ms)
1x Loading assets of type System.String for mod Ludeon.RimWorld.Ideology -> 0.038 ms (total (w/children): 0.038 ms)
10x TryDoPostLoad -> 0.017 ms (total (w/children): 0.017 ms)
9x RecursiveNodeCopyOverwriteElements - Remove all current nodes -> 0.004 ms (total (w/children): 0.004 ms)
[AVP Xenomorphs] [AVP Xenomorphs] Patched Mineable.TrySpawnYield
[AVP Xenomorphs] Patched JobDriver_Wait.CheckForAutoAttack
Xenomorph Host System Loaded
157 Possible Hosts out of 331 Races detected: Race Setting init
--- Main thread ---
 634.778ms StaticConstructorOnStartupUtilityReplacement.CallAll()


Hotspot analysis
----------------------------------------
1x StaticConstructorOnStartupUtilityReplacement.CallAll() -> 634.778 ms (total (w/children): 634.778 ms)
Type PawnRenderNodeWorker_FacehuggerMask probably needs a StaticConstructorOnStartup attribute, because it has a field royalGraphic of type Graphic. All assets must be loaded in the main thread.
Type Building_XenomorphCocoon probably needs a StaticConstructorOnStartup attribute, because it has a field invisibleGraphic of type Graphic. All assets must be loaded in the main thread.
--- Main thread ---
 25.432ms (self: 25.295 ms) Static constructor calls
 - 0.137ms (0.54%) (self: 0.137 ms) StaticConstructorOnStartupUtility.CallAll()


Hotspot analysis
----------------------------------------
1x Static constructor calls -> 25.295 ms (total (w/children): 25.432 ms)
1x StaticConstructorOnStartupUtility.CallAll() -> 0.137 ms (total (w/children): 0.137 ms)
Unloading 5 Unused Serialized files (Serialized files now loaded: 5)
Unloading 97 unused Assets to reduce memory usage. Loaded Objects now: 27378.
Total: 215.989600 ms (FindLiveObjects: 1.258400 ms CreateObjectMapping: 0.562400 ms MarkObjects: 213.834400 ms  DeleteObjects: 0.334200 ms)

